<area shape="rect" href="$DOMDocument_8hpp.html" title="xercesc/dom/DOMDocument.hpp" alt="" coords="481,625,719,652">
<area shape="rect" href="$XMLDocumentHandler_8hpp.html" title="xercesc/framework/XMLDocumentHandler.hpp" alt="" coords="1971,316,2293,343">
<area shape="rect" href="$XMLErrorReporter_8hpp.html" title="xercesc/framework/XMLErrorReporter.hpp" alt="" coords="1417,703,1713,729">
<area shape="rect" href="$XMLEntityHandler_8hpp.html" title="xercesc/framework/XMLEntityHandler.hpp" alt="" coords="1083,161,1376,188">
<area shape="rect" href="$SecurityManager_8hpp.html" title="xercesc/util/SecurityManager.hpp" alt="" coords="1192,239,1427,265">
<area shape="rect" href="$DOMDocumentType_8hpp.html" title="xercesc/dom/DOMDocumentType.hpp" alt="" coords="912,625,1179,652">
<area shape="rect" href="$PSVIHandler_8hpp.html" title="xercesc/framework/psvi/PSVIHandler.hpp" alt="" coords="2757,84,3045,111">
<area shape="rect" href="$XercesDefs_8hpp.html" title="xercesc/util/XercesDefs.hpp" alt="" coords="1155,780,1352,807">
<area shape="rect" href="$DOMNode_8hpp.html" title="xercesc/dom/DOMNode.hpp" alt="" coords="937,703,1140,729">
<area shape="rect" href="$DOMDocumentRange_8hpp.html" title="xercesc/dom/DOMDocumentRange.hpp" alt="" coords="25,703,303,729">
<area shape="rect" href="$DOMDocumentTraversal_8hpp.html" title="xercesc/dom/DOMDocumentTraversal.hpp" alt="" coords="327,703,620,729">
<area shape="rect" href="$DOMXPathEvaluator_8hpp.html" title="xercesc/dom/DOMXPathEvaluator.hpp" alt="" coords="644,703,913,729">
<area shape="rect" href="$XercesVersion_8hpp.html" title="xercesc/util/XercesVersion.hpp" alt="" coords="1031,857,1247,884">
<area shape="rect" href="$AutoSense_8hpp.html" title="xercesc/util/AutoSense.hpp" alt="" coords="1271,857,1465,884">
<area shape="rect" href="$XMLAttr_8hpp.html" title="xercesc/framework/XMLAttr.hpp" alt="" coords="2065,393,2295,420">
<area shape="rect" href="$PlatformUtils_8hpp.html" title="xercesc/util/PlatformUtils.hpp" alt="" coords="2587,548,2797,575">
<area shape="rect" href="$QName_8hpp.html" title="xercesc/util/QName.hpp" alt="" coords="1856,471,2032,497">
<area shape="rect" href="$XMLAttDef_8hpp.html" title="xercesc/framework/XMLAttDef.hpp" alt="" coords="2056,471,2304,497">
<area shape="rect" href="$XMLException_8hpp.html" title="xercesc/util/XMLException.hpp" alt="" coords="2245,625,2461,652">
<area shape="rect" href="$PanicHandler_8hpp.html" title="xercesc/util/PanicHandler.hpp" alt="" coords="2587,625,2797,652">
<area shape="rect" href="$XMemory_8hpp.html" title="xercesc/util/XMemory.hpp" alt="" coords="2503,703,2689,729">
<area shape="rect" href="$XMLUni_8hpp.html" title="xercesc/util/XMLUni.hpp" alt="" coords="2049,703,2223,729">
<area shape="rect" href="$XMLString_8hpp.html" title="xercesc/util/XMLString.hpp" alt="" coords="1848,548,2040,575">
<area shape="rect" href="$XMLUniDefs_8hpp.html" title="xercesc/util/XMLUniDefs.hpp" alt="" coords="1581,548,1787,575">
<area shape="rect" href="$MemoryManager_8hpp.html" title="xercesc/framework/MemoryManager.hpp" alt="" coords="1737,703,2025,729">
<area shape="rect" href="$PSVIElement_8hpp.html" title="xercesc/framework/psvi/PSVIElement.hpp" alt="" coords="3152,161,3445,188">
<area shape="rect" href="$PSVIAttributeList_8hpp.html" title="xercesc/framework/psvi/PSVIAttributeList.hpp" alt="" coords="2743,161,3060,188">
<area shape="rect" href="$PSVIItem_8hpp.html" title="xercesc/framework/psvi/PSVIItem.hpp" alt="" coords="3173,316,3443,343">
<area shape="rect" href="$PSVIAttribute_8hpp.html" title="xercesc/framework/psvi/PSVIAttribute.hpp" alt="" coords="3035,239,3331,265">
<area shape="rect" href="$XSSimpleTypeDefinition_8hpp.html" title="xercesc/framework/psvi/XSSimpleTypeDefinition.hpp" alt="" coords="2792,316,3149,343">
<area shape="rect" href="$XSTypeDefinition_8hpp.html" title="xercesc/framework/psvi/XSTypeDefinition.hpp" alt="" coords="2803,393,3117,420">
<area shape="rect" href="$XSObject_8hpp.html" title="xercesc/framework/psvi/XSObject.hpp" alt="" coords="2853,471,3117,497">
<area shape="rect" href="$XSConstants_8hpp.html" title="xercesc/framework/psvi/XSConstants.hpp" alt="" coords="2827,548,3117,575">
