<area shape="rect" href="$classDOMAttr.html" title="The DOMAttr class refers to an attribute of an XML element." alt="" coords="200,5,280,32">
<area shape="rect" href="$classDOMCharacterData.html" title="The DOMCharacterData interface extends DOMNode with a set of attributes and methods..." alt="" coords="164,56,316,83">
<area shape="rect" href="$classDOMDocument.html" title="The DOMDocument interface represents the entire XML document." alt="" coords="179,107,301,133">
<area shape="rect" href="$classDOMDocumentFragment.html" title="DOMDocumentFragment is a &quot;lightweight&quot; or &quot;minimal&quot; DOMDocument..." alt="" coords="147,157,333,184">
<area shape="rect" href="$classDOMDocumentType.html" title="Each DOMDocument has a doctype attribute whose value is either null or a DOMDocumentType..." alt="" coords="164,208,316,235">
<area shape="rect" href="$classDOMElement.html" title="By far the vast majority of objects (apart from text) that authors encounter when..." alt="" coords="185,259,295,285">
<area shape="rect" href="$classDOMEntity.html" title="This interface represents an entity, either parsed or unparsed, in an XML document..." alt="" coords="193,309,287,336">
<area shape="rect" href="$classDOMEntityReference.html" title="DOMEntityReference objects may be inserted into the structure model when an entity..." alt="" coords="160,360,320,387">
<area shape="rect" href="$classDOMNotation.html" title="This interface represents a notation declared in the DTD." alt="" coords="185,411,295,437">
<area shape="rect" href="$classDOMProcessingInstruction.html" title="The DOMProcessingInstruction interface represents a &quot;processing instruction&quot;..." alt="" coords="144,461,336,488">
<area shape="rect" href="$classDOMXPathNamespace.html" title="The DOMXPathNamespace interface is returned by DOMXPathResult interfaces to represent..." alt="" coords="155,512,325,539">
<area shape="rect" href="$classDOMComment.html" title="This interface inherits from CharacterData and represents the content of a comment..." alt="" coords="385,31,505,57">
<area shape="rect" href="$classDOMText.html" title="The DOMText interface inherits from DOMCharacterData and represents the textual content..." alt="" coords="405,81,485,108">
<area shape="rect" href="$classDOMCDATASection.html" title="CDATA sections are used to escape blocks of text containing characters that would..." alt="" coords="555,81,704,108">
