<area shape="rect" href="$classAbstractDOMParser.html" title="This class implements the Document Object Model (DOM) interface." alt="" coords="187,5,339,32">
<area shape="rect" href="$classBinInputStream.html" title="BinInputStream" alt="" coords="201,56,324,83">
<area shape="rect" href="$classBinOutputStream.html" title="BinOutputStream" alt="" coords="195,107,331,133">
<area shape="rect" href="$classDefaultPanicHandler.html" title="Receive notification of panic." alt="" coords="185,157,340,184">
<area shape="rect" href="$classInputSource.html" title="A single input source for an XML entity." alt="" coords="213,208,312,235">
<area shape="rect" href="$classOutOfMemoryException.html" title="OutOfMemoryException" alt="" coords="173,259,352,285">
<area shape="rect" href="$classPSVIAttributeList.html" title="A container for the PSVI contributions to attributes that occur on a particular element..." alt="" coords="196,309,329,336">
<area shape="rect" href="$classPSVIItem.html" title="PSVIItem" alt="" coords="221,360,304,387">
<area shape="rect" href="$classQName.html" title="QName" alt="" coords="227,411,299,437">
<area shape="rect" href="$classSAXException.html" title="Encapsulate a general SAX error or warning." alt="" coords="207,461,319,488">
<area shape="rect" href="$classSAXParser.html" title="This class implements the SAX &#39;Parser&#39; interface and should be used by applications..." alt="" coords="217,512,308,539">
<area shape="rect" href="$classValidationContext.html" title="ValidationContext" alt="" coords="195,563,331,589">
<area shape="rect" href="$classXMLAttDef.html" title="Represents the core information of an atribute definition." alt="" coords="216,613,309,640">
<area shape="rect" href="$classXMLAttDefList.html" title="This class defines an abstract interface that all validators must support." alt="" coords="205,664,320,691">
<area shape="rect" href="$classXMLAttr.html" title="This class defines the information about an attribute that will come out of the scanner..." alt="" coords="225,715,300,741">
<area shape="rect" href="$classXMLBigInteger.html" title="XMLBigInteger" alt="" coords="205,765,320,792">
<area shape="rect" href="$classXMLContentModel.html" title="This class defines the abstract interface for all content models." alt="" coords="192,816,333,843">
<area shape="rect" href="$classXMLElementDecl.html" title="This class defines the core information of an element declaration." alt="" coords="197,867,328,893">
<area shape="rect" href="$classXMLEntityDecl.html" title="This class defines that core information that defines an XML entity, no matter what..." alt="" coords="205,917,320,944">
<area shape="rect" href="$classXMLException.html" title="XMLException" alt="" coords="207,968,319,995">
<area shape="rect" href="$classXMLFormatTarget.html" title="XMLFormatTarget" alt="" coords="195,1019,331,1045">
<area shape="rect" href="$classXMLFormatter.html" title="This class provides the basic formatting capabilities that are required to turn the..." alt="" coords="205,1069,320,1096">
<area shape="rect" href="$classXMLGrammarDescription.html" title="XMLGrammarDescription" alt="" coords="171,1120,355,1147">
<area shape="rect" href="$classXMLGrammarPool.html" title="XMLGrammarPool" alt="" coords="192,1171,333,1197">
<area shape="rect" href="$classXMLHolder.html" title="XMLHolder\&lt; Type \&gt;" alt="" coords="188,1221,337,1248">
<area shape="rect" href="$classXMLInteger.html" title="XMLInteger" alt="" coords="215,1272,311,1299">
<area shape="rect" href="$classXMLLCPTranscoder.html" title="XMLLCPTranscoder" alt="" coords="189,1323,336,1349">
<area shape="rect" href="$classXMLNetAccessor.html" title="XMLNetAccessor" alt="" coords="197,1373,328,1400">
<area shape="rect" href="$classXMLNotationDecl.html" title="This class represents the core information about a notation declaration that all..." alt="" coords="196,1424,329,1451">
<area shape="rect" href="$classXMLNumber.html" title="XMLNumber" alt="" coords="212,1475,313,1501">
<area shape="rect" href="$classXMLStringTokenizer.html" title="The string tokenizer class breaks a string into tokens." alt="" coords="189,1525,336,1552">
<area shape="rect" href="$classXMLTranscoder.html" title="DOMString is the generic string class that stores all strings used in the DOM C++..." alt="" coords="204,1576,321,1603">
<area shape="rect" href="$classXMLTransService.html" title="XMLTransService" alt="" coords="199,1627,327,1653">
<area shape="rect" href="$classXMLUri.html" title="XMLUri" alt="" coords="229,1677,296,1704">
<area shape="rect" href="$classXMLURL.html" title="XMLURL" alt="" coords="224,1728,301,1755">
<area shape="rect" href="$classXMLValidator.html" title="This abstract class provides the interface for all validators." alt="" coords="209,1779,316,1805">
<area shape="rect" href="$classXSModel.html" title="XSModel" alt="" coords="224,1829,301,1856">
<area shape="rect" href="$classXSNamedMap.html" title="XSNamedMap\&lt; TVal \&gt;" alt="" coords="177,1880,348,1907">
<area shape="rect" href="$classXSNamedMap.html" title="XSNamedMap\&lt; XSIDCDefinition \&gt;" alt="" coords="139,1931,387,1957">
<area shape="rect" href="$classXSNamedMap.html" title="XSNamedMap\&lt; XSObject \&gt;" alt="" coords="161,1981,364,2008">
<area shape="rect" href="$classXSNamespaceItem.html" title="XSNamespaceItem" alt="" coords="189,2032,336,2059">
<area shape="rect" href="$classXSObject.html" title="XSObject" alt="" coords="223,2083,303,2109">
<area shape="rect" href="$classXSValue.html" title="XSValue" alt="" coords="225,2133,300,2160">
<area shape="rect" href="$classXercesDOMParser.html" title="This class implements the Document Object Model (DOM) interface." alt="" coords="444,5,583,32">
<area shape="rect" href="$classBinFileInputStream.html" title="BinFileInputStream" alt="" coords="441,56,585,83">
<area shape="rect" href="$classBinMemInputStream.html" title="BinMemInputStream" alt="" coords="435,107,592,133">
<area shape="rect" href="$classLocalFileInputSource.html" title="This class is a derivative of the standard InputSource class." alt="" coords="436,183,591,209">
<area shape="rect" href="$classMemBufInputSource.html" title="This class is a derivative of the standard InputSource class." alt="" coords="436,233,591,260">
