<area shape="rect" href="$ContentHandler_8hpp.html" title="xercesc/sax2/ContentHandler.hpp" alt="" coords="5,161,245,188">
<area shape="rect" href="$LexicalHandler_8hpp.html" title="xercesc/sax2/LexicalHandler.hpp" alt="" coords="269,161,501,188">
<area shape="rect" href="$DeclHandler_8hpp.html" title="xercesc/sax2/DeclHandler.hpp" alt="" coords="481,239,697,265">
<area shape="rect" href="$DTDHandler_8hpp.html" title="xercesc/sax/DTDHandler.hpp" alt="" coords="576,161,784,188">
<area shape="rect" href="$EntityResolver_8hpp.html" title="xercesc/sax/EntityResolver.hpp" alt="" coords="627,84,851,111">
<area shape="rect" href="$ErrorHandler_8hpp.html" title="xercesc/sax/ErrorHandler.hpp" alt="" coords="875,84,1088,111">
<area shape="rect" href="$SAXParseException_8hpp.html" title="xercesc/sax/SAXParseException.hpp" alt="" coords="1112,84,1368,111">
<area shape="rect" href="$XercesDefs_8hpp.html" title="xercesc/util/XercesDefs.hpp" alt="" coords="723,393,920,420">
<area shape="rect" href="$XercesVersion_8hpp.html" title="xercesc/util/XercesVersion.hpp" alt="" coords="599,471,815,497">
<area shape="rect" href="$AutoSense_8hpp.html" title="xercesc/util/AutoSense.hpp" alt="" coords="839,471,1033,497">
<area shape="rect" href="$SAXException_8hpp.html" title="xercesc/sax/SAXException.hpp" alt="" coords="1071,161,1289,188">
<area shape="rect" href="$XMLString_8hpp.html" title="xercesc/util/XMLString.hpp" alt="" coords="1512,239,1704,265">
<area shape="rect" href="$XMLUni_8hpp.html" title="xercesc/util/XMLUni.hpp" alt="" coords="925,239,1099,265">
<area shape="rect" href="$XMemory_8hpp.html" title="xercesc/util/XMemory.hpp" alt="" coords="960,316,1147,343">
<area shape="rect" href="$MemoryManager_8hpp.html" title="xercesc/framework/MemoryManager.hpp" alt="" coords="1171,316,1459,343">
