<area shape="rect" href="$XercesDefs_8hpp.html" title="xercesc/util/XercesDefs.hpp" alt="" coords="199,316,396,343">
<area shape="rect" href="$PlatformUtils_8hpp.html" title="xercesc/util/PlatformUtils.hpp" alt="" coords="392,84,603,111">
<area shape="rect" href="$XercesVersion_8hpp.html" title="xercesc/util/XercesVersion.hpp" alt="" coords="75,393,291,420">
<area shape="rect" href="$AutoSense_8hpp.html" title="xercesc/util/AutoSense.hpp" alt="" coords="315,393,509,420">
<area shape="rect" href="$XMLException_8hpp.html" title="xercesc/util/XMLException.hpp" alt="" coords="389,161,605,188">
<area shape="rect" href="$PanicHandler_8hpp.html" title="xercesc/util/PanicHandler.hpp" alt="" coords="771,161,981,188">
<area shape="rect" href="$XMemory_8hpp.html" title="xercesc/util/XMemory.hpp" alt="" coords="855,239,1041,265">
<area shape="rect" href="$XMLUni_8hpp.html" title="xercesc/util/XMLUni.hpp" alt="" coords="81,239,255,265">
<area shape="rect" href="$XMLErrorReporter_8hpp.html" title="xercesc/framework/XMLErrorReporter.hpp" alt="" coords="279,239,575,265">
