<area shape="rect" href="$DOMImplementationLS_8hpp.html" title="xercesc/dom/DOMImplementationLS.hpp" alt="" coords="268,161,556,188">
<area shape="rect" href="$PlatformUtils_8hpp.html" title="xercesc/util/PlatformUtils.hpp" alt="" coords="397,239,608,265">
<area shape="rect" href="$DOMException_8hpp.html" title="xercesc/dom/DOMException.hpp" alt="" coords="667,161,899,188">
<area shape="rect" href="$DOMRangeException_8hpp.html" title="xercesc/dom/DOMRangeException.hpp" alt="" coords="681,84,956,111">
<area shape="rect" href="$XMLException_8hpp.html" title="xercesc/util/XMLException.hpp" alt="" coords="395,316,611,343">
<area shape="rect" href="$PanicHandler_8hpp.html" title="xercesc/util/PanicHandler.hpp" alt="" coords="49,316,260,343">
<area shape="rect" href="$XMemory_8hpp.html" title="xercesc/util/XMemory.hpp" alt="" coords="5,393,192,420">
<area shape="rect" href="$XMLUni_8hpp.html" title="xercesc/util/XMLUni.hpp" alt="" coords="472,393,645,420">
<area shape="rect" href="$XMLErrorReporter_8hpp.html" title="xercesc/framework/XMLErrorReporter.hpp" alt="" coords="669,393,965,420">
<area shape="rect" href="$XercesDefs_8hpp.html" title="xercesc/util/XercesDefs.hpp" alt="" coords="589,471,787,497">
<area shape="rect" href="$XercesVersion_8hpp.html" title="xercesc/util/XercesVersion.hpp" alt="" coords="465,548,681,575">
<area shape="rect" href="$AutoSense_8hpp.html" title="xercesc/util/AutoSense.hpp" alt="" coords="705,548,900,575">
