<area shape="rect" href="$DOMAttr_8hpp.html" title="DOMAttr.hpp" alt="" coords="5,84,112,111">
<area shape="rect" href="$StDOMNode_8hpp.html" title="StDOMNode.hpp" alt="" coords="84,161,215,188">
<area shape="rect" href="$DOMCharacterData_8hpp.html" title="DOMCharacterData.hpp" alt="" coords="347,84,525,111">
<area shape="rect" href="$DOMDocument_8hpp.html" title="DOMDocument.hpp" alt="" coords="989,84,1139,111">
<area shape="rect" href="$DOMDocumentFragment_8hpp.html" title="DOMDocumentFragment.hpp" alt="" coords="549,84,763,111">
<area shape="rect" href="$DOMDocumentType_8hpp.html" title="DOMDocumentType.hpp" alt="" coords="787,84,965,111">
<area shape="rect" href="$DOMElement_8hpp.html" title="DOMElement.hpp" alt="" coords="187,84,323,111">
<area shape="rect" href="$DOMEntity_8hpp.html" title="DOMEntity.hpp" alt="" coords="1163,84,1283,111">
<area shape="rect" href="$DOMEntityReference_8hpp.html" title="DOMEntityReference.hpp" alt="" coords="1307,84,1493,111">
<area shape="rect" href="$DOMNodeFilter_8hpp.html" title="DOMNodeFilter.hpp" alt="" coords="1568,84,1717,111">
<area shape="rect" href="$DOMNodeIterator_8hpp.html" title="DOMNodeIterator.hpp" alt="" coords="1251,161,1416,188">
<area shape="rect" href="$DOMTreeWalker_8hpp.html" title="DOMTreeWalker.hpp" alt="" coords="1616,161,1768,188">
<area shape="rect" href="$DOMWriter_8hpp.html" title="DOMWriter.hpp" alt="" coords="1600,239,1720,265">
<area shape="rect" href="$DOMNotation_8hpp.html" title="DOMNotation.hpp" alt="" coords="1843,84,1981,111">
<area shape="rect" href="$DOMProcessingInstruction_8hpp.html" title="DOMProcessingInstruction.hpp" alt="" coords="2005,84,2224,111">
<area shape="rect" href="$DOMUserDataHandler_8hpp.html" title="DOMUserDataHandler.hpp" alt="" coords="2248,84,2443,111">
<area shape="rect" href="$DOMXPathNamespace_8hpp.html" title="DOMXPathNamespace.hpp" alt="" coords="2467,84,2664,111">
<area shape="rect" href="$DOMComment_8hpp.html" title="DOMComment.hpp" alt="" coords="300,161,449,188">
<area shape="rect" href="$DOMText_8hpp.html" title="DOMText.hpp" alt="" coords="473,161,583,188">
<area shape="rect" href="$DOMCDATASection_8hpp.html" title="DOMCDATASection.hpp" alt="" coords="440,239,616,265">
<area shape="rect" href="$AbstractDOMParser_8hpp.html" title="AbstractDOMParser.hpp" alt="" coords="881,161,1060,188">
<area shape="rect" href="$XercesDOMParser_8hpp.html" title="XercesDOMParser.hpp" alt="" coords="887,239,1055,265">
<area shape="rect" href="$DOMWriterFilter_8hpp.html" title="DOMWriterFilter.hpp" alt="" coords="1440,161,1592,188">
