<area shape="rect" href="$DOMNode_8hpp.html" title="xercesc/dom/DOMNode.hpp" alt="" coords="5,239,208,265">
<area shape="rect" href="$DOMWriterFilter_8hpp.html" title="xercesc/dom/DOMWriterFilter.hpp" alt="" coords="113,84,353,111">
<area shape="rect" href="$DOMErrorHandler_8hpp.html" title="xercesc/dom/DOMErrorHandler.hpp" alt="" coords="319,161,572,188">
<area shape="rect" href="$XMLFormatter_8hpp.html" title="xercesc/framework/XMLFormatter.hpp" alt="" coords="580,84,852,111">
<area shape="rect" href="$XercesDefs_8hpp.html" title="xercesc/util/XercesDefs.hpp" alt="" coords="271,393,468,420">
<area shape="rect" href="$XercesVersion_8hpp.html" title="xercesc/util/XercesVersion.hpp" alt="" coords="147,471,363,497">
<area shape="rect" href="$AutoSense_8hpp.html" title="xercesc/util/AutoSense.hpp" alt="" coords="387,471,581,497">
<area shape="rect" href="$DOMNodeFilter_8hpp.html" title="xercesc/dom/DOMNodeFilter.hpp" alt="" coords="60,161,295,188">
<area shape="rect" href="$PlatformUtils_8hpp.html" title="xercesc/util/PlatformUtils.hpp" alt="" coords="736,161,947,188">
<area shape="rect" href="$XMLException_8hpp.html" title="xercesc/util/XMLException.hpp" alt="" coords="733,239,949,265">
<area shape="rect" href="$PanicHandler_8hpp.html" title="xercesc/util/PanicHandler.hpp" alt="" coords="1008,239,1219,265">
<area shape="rect" href="$XMemory_8hpp.html" title="xercesc/util/XMemory.hpp" alt="" coords="1056,316,1243,343">
<area shape="rect" href="$XMLUni_8hpp.html" title="xercesc/util/XMLUni.hpp" alt="" coords="283,316,456,343">
<area shape="rect" href="$XMLErrorReporter_8hpp.html" title="xercesc/framework/XMLErrorReporter.hpp" alt="" coords="480,316,776,343">
