<area shape="rect" href="$DocumentHandler_8hpp.html" title="xercesc/sax/DocumentHandler.hpp" alt="" coords="5,161,253,188">
<area shape="rect" href="$DTDHandler_8hpp.html" title="xercesc/sax/DTDHandler.hpp" alt="" coords="277,161,485,188">
<area shape="rect" href="$EntityResolver_8hpp.html" title="xercesc/sax/EntityResolver.hpp" alt="" coords="405,239,629,265">
<area shape="rect" href="$ErrorHandler_8hpp.html" title="xercesc/sax/ErrorHandler.hpp" alt="" coords="560,84,773,111">
<area shape="rect" href="$SAXParseException_8hpp.html" title="xercesc/sax/SAXParseException.hpp" alt="" coords="991,84,1247,111">
<area shape="rect" href="$XercesDefs_8hpp.html" title="xercesc/util/XercesDefs.hpp" alt="" coords="543,393,740,420">
<area shape="rect" href="$XercesVersion_8hpp.html" title="xercesc/util/XercesVersion.hpp" alt="" coords="419,471,635,497">
<area shape="rect" href="$AutoSense_8hpp.html" title="xercesc/util/AutoSense.hpp" alt="" coords="659,471,853,497">
<area shape="rect" href="$SAXException_8hpp.html" title="xercesc/sax/SAXException.hpp" alt="" coords="1067,161,1285,188">
<area shape="rect" href="$XMLString_8hpp.html" title="xercesc/util/XMLString.hpp" alt="" coords="1108,239,1300,265">
<area shape="rect" href="$XMLUni_8hpp.html" title="xercesc/util/XMLUni.hpp" alt="" coords="889,239,1063,265">
<area shape="rect" href="$XMemory_8hpp.html" title="xercesc/util/XMemory.hpp" alt="" coords="1761,316,1948,343">
<area shape="rect" href="$MemoryManager_8hpp.html" title="xercesc/framework/MemoryManager.hpp" alt="" coords="1449,316,1737,343">
