<area shape="rect" href="$classDOMDocumentRange.html" title="DOMDocumentRange" alt="" coords="15,5,177,32">
<area shape="rect" href="$classDOMDocument.html" title="The DOMDocument interface represents the entire XML document." alt="" coords="269,56,392,83">
<area shape="rect" href="$classDOMDocumentTraversal.html" title="DOMDocumentTraversal contains methods that create DOMNodeIterators and DOMTreeWalkers..." alt="" coords="7,56,185,83">
<area shape="rect" href="$classDOMNode.html" title="The DOMNode interface is the primary datatype for the entire Document Object Model..." alt="" coords="52,309,140,336">
<area shape="rect" href="$classDOMAttr.html" title="The DOMAttr class refers to an attribute of an XML element." alt="" coords="291,107,371,133">
<area shape="rect" href="$classDOMCharacterData.html" title="The DOMCharacterData interface extends DOMNode with a set of attributes and methods..." alt="" coords="255,157,407,184">
<area shape="rect" href="$classDOMDocumentFragment.html" title="DOMDocumentFragment is a &quot;lightweight&quot; or &quot;minimal&quot; DOMDocument..." alt="" coords="237,208,424,235">
<area shape="rect" href="$classDOMDocumentType.html" title="Each DOMDocument has a doctype attribute whose value is either null or a DOMDocumentType..." alt="" coords="255,259,407,285">
<area shape="rect" href="$classDOMElement.html" title="By far the vast majority of objects (apart from text) that authors encounter when..." alt="" coords="276,309,385,336">
<area shape="rect" href="$classDOMEntity.html" title="This interface represents an entity, either parsed or unparsed, in an XML document..." alt="" coords="284,360,377,387">
<area shape="rect" href="$classDOMEntityReference.html" title="DOMEntityReference objects may be inserted into the structure model when an entity..." alt="" coords="251,411,411,437">
<area shape="rect" href="$classDOMNotation.html" title="This interface represents a notation declared in the DTD." alt="" coords="276,461,385,488">
<area shape="rect" href="$classDOMProcessingInstruction.html" title="The DOMProcessingInstruction interface represents a &quot;processing instruction&quot;..." alt="" coords="235,512,427,539">
<area shape="rect" href="$classDOMXPathNamespace.html" title="The DOMXPathNamespace interface is returned by DOMXPathResult interfaces to represent..." alt="" coords="245,563,416,589">
<area shape="rect" href="$classDOMComment.html" title="This interface inherits from CharacterData and represents the content of a comment..." alt="" coords="476,132,596,159">
<area shape="rect" href="$classDOMText.html" title="The DOMText interface inherits from DOMCharacterData and represents the textual content..." alt="" coords="496,183,576,209">
<area shape="rect" href="$classDOMCDATASection.html" title="CDATA sections are used to escape blocks of text containing characters that would..." alt="" coords="645,183,795,209">
<area shape="rect" href="$classDOMXPathEvaluator.html" title="The evaluation of XPath expressions is provided by DOMXPathEvaluator." alt="" coords="19,107,173,133">
