<area shape="rect" href="$Base64_8hpp.html" title="Base64.hpp" alt="" coords="667,84,763,111">
<area shape="rect" href="$SynchronizedStringPool_8hpp.html" title="SynchronizedStringPool.hpp" alt="" coords="787,84,989,111">
<area shape="rect" href="$XMLString_8hpp.html" title="XMLString.hpp" alt="" coords="1013,84,1128,111">
<area shape="rect" href="$DOMConfiguration_8hpp.html" title="DOMConfiguration.hpp" alt="" coords="5,161,176,188">
<area shape="rect" href="$DOMPSVITypeInfo_8hpp.html" title="DOMPSVITypeInfo.hpp" alt="" coords="200,161,368,188">
<area shape="rect" href="$DOMTypeInfo_8hpp.html" title="DOMTypeInfo.hpp" alt="" coords="392,161,528,188">
<area shape="rect" href="$XMLAttDef_8hpp.html" title="XMLAttDef.hpp" alt="" coords="603,161,723,188">
<area shape="rect" href="$XMLElementDecl_8hpp.html" title="XMLElementDecl.hpp" alt="" coords="501,316,661,343">
<area shape="rect" href="$XMLEntityDecl_8hpp.html" title="XMLEntityDecl.hpp" alt="" coords="747,161,891,188">
<area shape="rect" href="$XMLNotationDecl_8hpp.html" title="XMLNotationDecl.hpp" alt="" coords="915,161,1075,188">
<area shape="rect" href="$SAXException_8hpp.html" title="SAXException.hpp" alt="" coords="1221,161,1360,188">
<area shape="rect" href="$QName_8hpp.html" title="QName.hpp" alt="" coords="1099,161,1197,188">
<area shape="rect" href="$XMLBigDecimal_8hpp.html" title="XMLBigDecimal.hpp" alt="" coords="1384,161,1533,188">
<area shape="rect" href="$XMLBigInteger_8hpp.html" title="XMLBigInteger.hpp" alt="" coords="1557,161,1701,188">
<area shape="rect" href="$XMLDateTime_8hpp.html" title="XMLDateTime.hpp" alt="" coords="1725,161,1864,188">
<area shape="rect" href="$XMLStringTokenizer_8hpp.html" title="XMLStringTokenizer.hpp" alt="" coords="1888,161,2061,188">
<area shape="rect" href="$XMLUri_8hpp.html" title="XMLUri.hpp" alt="" coords="2085,161,2181,188">
<area shape="rect" href="$XMLAttr_8hpp.html" title="XMLAttr.hpp" alt="" coords="732,239,833,265">
<area shape="rect" href="$XMLDocumentHandler_8hpp.html" title="XMLDocumentHandler.hpp" alt="" coords="685,316,880,343">
<area shape="rect" href="$XMLValidator_8hpp.html" title="XMLValidator.hpp" alt="" coords="905,316,1039,343">
<area shape="rect" href="$AbstractDOMParser_8hpp.html" title="AbstractDOMParser.hpp" alt="" coords="693,393,872,420">
<area shape="rect" href="$SAXParser_8hpp.html" title="SAXParser.hpp" alt="" coords="537,393,655,420">
<area shape="rect" href="$XercesDOMParser_8hpp.html" title="XercesDOMParser.hpp" alt="" coords="699,471,867,497">
<area shape="rect" href="$SAX2XMLReader_8hpp.html" title="SAX2XMLReader.hpp" alt="" coords="1024,393,1181,420">
<area shape="rect" href="$SAX2XMLFilter_8hpp.html" title="SAX2XMLFilter.hpp" alt="" coords="1031,471,1175,497">
<area shape="rect" href="$XMLReaderFactory_8hpp.html" title="XMLReaderFactory.hpp" alt="" coords="1263,471,1433,497">
<area shape="rect" href="$SAXParseException_8hpp.html" title="SAXParseException.hpp" alt="" coords="1199,239,1375,265">
<area shape="rect" href="$HandlerBase_8hpp.html" title="HandlerBase.hpp" alt="" coords="1240,316,1371,343">
<area shape="rect" href="$DefaultHandler_8hpp.html" title="DefaultHandler.hpp" alt="" coords="1069,316,1216,343">
<area shape="rect" href="$XMLContentModel_8hpp.html" title="XMLContentModel.hpp" alt="" coords="1007,239,1175,265">
