<area shape="rect" href="$DefaultPanicHandler_8hpp.html" title="DefaultPanicHandler.hpp" alt="" coords="5,161,187,188">
<area shape="rect" href="$PlatformUtils_8hpp.html" title="PlatformUtils.hpp" alt="" coords="2208,84,2341,111">
<area shape="rect" href="$DOMException_8hpp.html" title="DOMException.hpp" alt="" coords="1719,161,1865,188">
<area shape="rect" href="$DOMImplementation_8hpp.html" title="DOMImplementation.hpp" alt="" coords="1635,316,1819,343">
<area shape="rect" href="$DOMImplementationLS_8hpp.html" title="DOMImplementationLS.hpp" alt="" coords="1341,239,1544,265">
<area shape="rect" href="$ValidationContext_8hpp.html" title="ValidationContext.hpp" alt="" coords="211,161,376,188">
<area shape="rect" href="$Wrapper4InputSource_8hpp.html" title="Wrapper4InputSource.hpp" alt="" coords="400,161,589,188">
<area shape="rect" href="$XMLAttDef_8hpp.html" title="XMLAttDef.hpp" alt="" coords="664,161,784,188">
<area shape="rect" href="$XMLAttr_8hpp.html" title="XMLAttr.hpp" alt="" coords="432,239,533,265">
<area shape="rect" href="$XMLElementDecl_8hpp.html" title="XMLElementDecl.hpp" alt="" coords="273,316,433,343">
<area shape="rect" href="$XMLEntityDecl_8hpp.html" title="XMLEntityDecl.hpp" alt="" coords="981,161,1125,188">
<area shape="rect" href="$XMLFormatter_8hpp.html" title="XMLFormatter.hpp" alt="" coords="1149,161,1293,188">
<area shape="rect" href="$XMLGrammarPool_8hpp.html" title="XMLGrammarPool.hpp" alt="" coords="3700,316,3868,343">
<area shape="rect" href="$XMLNotationDecl_8hpp.html" title="XMLNotationDecl.hpp" alt="" coords="2077,161,2237,188">
<area shape="rect" href="$PSVIAttributeList_8hpp.html" title="PSVIAttributeList.hpp" alt="" coords="4343,316,4503,343">
<area shape="rect" href="$PSVIItem_8hpp.html" title="PSVIItem.hpp" alt="" coords="4237,161,4349,188">
<area shape="rect" href="$XSModel_8hpp.html" title="XSModel.hpp" alt="" coords="3443,239,3547,265">
<area shape="rect" href="$XSNamespaceItem_8hpp.html" title="XSNamespaceItem.hpp" alt="" coords="1829,239,2003,265">
<area shape="rect" href="$XSObject_8hpp.html" title="XSObject.hpp" alt="" coords="1947,161,2053,188">
<area shape="rect" href="$XSValue_8hpp.html" title="XSValue.hpp" alt="" coords="2363,161,2464,188">
<area shape="rect" href="$InputSource_8hpp.html" title="InputSource.hpp" alt="" coords="2488,161,2616,188">
<area shape="rect" href="$BinFileInputStream_8hpp.html" title="BinFileInputStream.hpp" alt="" coords="2640,161,2813,188">
<area shape="rect" href="$BinMemInputStream_8hpp.html" title="BinMemInputStream.hpp" alt="" coords="2837,161,3021,188">
<area shape="rect" href="$HexBin_8hpp.html" title="HexBin.hpp" alt="" coords="3045,161,3141,188">
<area shape="rect" href="$QName_8hpp.html" title="QName.hpp" alt="" coords="808,161,907,188">
<area shape="rect" href="$TransService_8hpp.html" title="TransService.hpp" alt="" coords="3165,161,3296,188">
<area shape="rect" href="$XMLAbstractDoubleFloat_8hpp.html" title="XMLAbstractDoubleFloat.hpp" alt="" coords="3320,161,3528,188">
<area shape="rect" href="$XMLBigDecimal_8hpp.html" title="XMLBigDecimal.hpp" alt="" coords="3552,161,3701,188">
<area shape="rect" href="$XMLDateTime_8hpp.html" title="XMLDateTime.hpp" alt="" coords="3725,161,3864,188">
<area shape="rect" href="$XMLDeleterFor_8hpp.html" title="XMLDeleterFor.hpp" alt="" coords="3888,161,4035,188">
<area shape="rect" href="$XMLURL_8hpp.html" title="XMLURL.hpp" alt="" coords="4059,161,4163,188">
<area shape="rect" href="$DOMRangeException_8hpp.html" title="DOMRangeException.hpp" alt="" coords="1568,239,1755,265">
<area shape="rect" href="$XMLDocumentHandler_8hpp.html" title="XMLDocumentHandler.hpp" alt="" coords="615,316,809,343">
<area shape="rect" href="$XMLValidator_8hpp.html" title="XMLValidator.hpp" alt="" coords="457,316,591,343">
<area shape="rect" href="$SAXParser_8hpp.html" title="SAXParser.hpp" alt="" coords="475,393,592,420">
<area shape="rect" href="$DOMWriter_8hpp.html" title="DOMWriter.hpp" alt="" coords="981,239,1101,265">
<area shape="rect" href="$LocalFileFormatTarget_8hpp.html" title="LocalFileFormatTarget.hpp" alt="" coords="1125,239,1317,265">
<area shape="rect" href="$MemBufFormatTarget_8hpp.html" title="MemBufFormatTarget.hpp" alt="" coords="557,239,749,265">
<area shape="rect" href="$StdOutFormatTarget_8hpp.html" title="StdOutFormatTarget.hpp" alt="" coords="773,239,957,265">
<area shape="rect" href="$PSVIHandler_8hpp.html" title="PSVIHandler.hpp" alt="" coords="4271,393,4401,420">
<area shape="rect" href="$PSVIAttribute_8hpp.html" title="PSVIAttribute.hpp" alt="" coords="4288,239,4427,265">
<area shape="rect" href="$PSVIElement_8hpp.html" title="PSVIElement.hpp" alt="" coords="4183,316,4319,343">
<area shape="rect" href="$XSAnnotation_8hpp.html" title="XSAnnotation.hpp" alt="" coords="2763,239,2899,265">
<area shape="rect" href="$XSAttributeDeclaration_8hpp.html" title="XSAttributeDeclaration.hpp" alt="" coords="2923,239,3120,265">
<area shape="rect" href="$XSAttributeGroupDefinition_8hpp.html" title="XSAttributeGroupDefinition.hpp" alt="" coords="3144,239,3368,265">
<area shape="rect" href="$XSAttributeUse_8hpp.html" title="XSAttributeUse.hpp" alt="" coords="2027,239,2176,265">
<area shape="rect" href="$XSElementDeclaration_8hpp.html" title="XSElementDeclaration.hpp" alt="" coords="2200,239,2395,265">
<area shape="rect" href="$XSIDCDefinition_8hpp.html" title="XSIDCDefinition.hpp" alt="" coords="2419,239,2571,265">
<area shape="rect" href="$XSModelGroup_8hpp.html" title="XSModelGroup.hpp" alt="" coords="2595,239,2739,265">
