<area shape="rect" href="$DOMException_8hpp.html" title="DOMException.hpp" alt="" coords="89,84,236,111">
<area shape="rect" href="$DOMImplementation_8hpp.html" title="DOMImplementation.hpp" alt="" coords="5,239,189,265">
<area shape="rect" href="$DOMImplementationLS_8hpp.html" title="DOMImplementationLS.hpp" alt="" coords="280,161,483,188">
<area shape="rect" href="$ValidationContext_8hpp.html" title="ValidationContext.hpp" alt="" coords="340,84,505,111">
<area shape="rect" href="$Wrapper4InputSource_8hpp.html" title="Wrapper4InputSource.hpp" alt="" coords="529,84,719,111">
<area shape="rect" href="$XMLAttDef_8hpp.html" title="XMLAttDef.hpp" alt="" coords="844,84,964,111">
<area shape="rect" href="$XMLAttr_8hpp.html" title="XMLAttr.hpp" alt="" coords="557,161,659,188">
<area shape="rect" href="$XMLElementDecl_8hpp.html" title="XMLElementDecl.hpp" alt="" coords="384,239,544,265">
<area shape="rect" href="$XMLEntityDecl_8hpp.html" title="XMLEntityDecl.hpp" alt="" coords="1111,84,1255,111">
<area shape="rect" href="$XMLFormatter_8hpp.html" title="XMLFormatter.hpp" alt="" coords="1279,84,1423,111">
<area shape="rect" href="$XMLGrammarPool_8hpp.html" title="XMLGrammarPool.hpp" alt="" coords="1440,239,1608,265">
<area shape="rect" href="$XMLNotationDecl_8hpp.html" title="XMLNotationDecl.hpp" alt="" coords="1855,84,2015,111">
<area shape="rect" href="$PSVIAttributeList_8hpp.html" title="PSVIAttributeList.hpp" alt="" coords="3543,239,3703,265">
<area shape="rect" href="$PSVIItem_8hpp.html" title="PSVIItem.hpp" alt="" coords="2039,84,2151,111">
<area shape="rect" href="$XSModel_8hpp.html" title="XSModel.hpp" alt="" coords="1517,161,1621,188">
<area shape="rect" href="$XSNamespaceItem_8hpp.html" title="XSNamespaceItem.hpp" alt="" coords="1645,161,1819,188">
<area shape="rect" href="$XSObject_8hpp.html" title="XSObject.hpp" alt="" coords="1724,84,1831,111">
<area shape="rect" href="$XSValue_8hpp.html" title="XSValue.hpp" alt="" coords="2225,84,2327,111">
<area shape="rect" href="$InputSource_8hpp.html" title="InputSource.hpp" alt="" coords="2351,84,2479,111">
<area shape="rect" href="$BinFileInputStream_8hpp.html" title="BinFileInputStream.hpp" alt="" coords="2503,84,2676,111">
<area shape="rect" href="$BinMemInputStream_8hpp.html" title="BinMemInputStream.hpp" alt="" coords="2700,84,2884,111">
<area shape="rect" href="$DefaultPanicHandler_8hpp.html" title="DefaultPanicHandler.hpp" alt="" coords="2908,84,3089,111">
<area shape="rect" href="$HexBin_8hpp.html" title="HexBin.hpp" alt="" coords="3113,84,3209,111">
<area shape="rect" href="$QName_8hpp.html" title="QName.hpp" alt="" coords="988,84,1087,111">
<area shape="rect" href="$TransService_8hpp.html" title="TransService.hpp" alt="" coords="3233,84,3364,111">
<area shape="rect" href="$XMLAbstractDoubleFloat_8hpp.html" title="XMLAbstractDoubleFloat.hpp" alt="" coords="3388,84,3596,111">
<area shape="rect" href="$XMLBigDecimal_8hpp.html" title="XMLBigDecimal.hpp" alt="" coords="3620,84,3769,111">
<area shape="rect" href="$XMLDateTime_8hpp.html" title="XMLDateTime.hpp" alt="" coords="3793,84,3932,111">
<area shape="rect" href="$XMLDeleterFor_8hpp.html" title="XMLDeleterFor.hpp" alt="" coords="3956,84,4103,111">
<area shape="rect" href="$XMLURL_8hpp.html" title="XMLURL.hpp" alt="" coords="4127,84,4231,111">
<area shape="rect" href="$DOMRangeException_8hpp.html" title="DOMRangeException.hpp" alt="" coords="69,161,256,188">
<area shape="rect" href="$XMLDocumentHandler_8hpp.html" title="XMLDocumentHandler.hpp" alt="" coords="568,239,763,265">
<area shape="rect" href="$XMLValidator_8hpp.html" title="XMLValidator.hpp" alt="" coords="787,239,920,265">
<area shape="rect" href="$SAXParser_8hpp.html" title="SAXParser.hpp" alt="" coords="507,316,624,343">
<area shape="rect" href="$DOMWriter_8hpp.html" title="DOMWriter.hpp" alt="" coords="683,161,803,188">
<area shape="rect" href="$LocalFileFormatTarget_8hpp.html" title="LocalFileFormatTarget.hpp" alt="" coords="827,161,1019,188">
<area shape="rect" href="$MemBufFormatTarget_8hpp.html" title="MemBufFormatTarget.hpp" alt="" coords="1043,161,1235,188">
<area shape="rect" href="$StdOutFormatTarget_8hpp.html" title="StdOutFormatTarget.hpp" alt="" coords="1259,161,1443,188">
<area shape="rect" href="$PSVIHandler_8hpp.html" title="PSVIHandler.hpp" alt="" coords="3471,316,3601,343">
<area shape="rect" href="$PSVIAttribute_8hpp.html" title="PSVIAttribute.hpp" alt="" coords="3488,161,3627,188">
<area shape="rect" href="$PSVIElement_8hpp.html" title="PSVIElement.hpp" alt="" coords="3383,239,3519,265">
<area shape="rect" href="$XSAnnotation_8hpp.html" title="XSAnnotation.hpp" alt="" coords="1843,161,1979,188">
<area shape="rect" href="$XSAttributeDeclaration_8hpp.html" title="XSAttributeDeclaration.hpp" alt="" coords="2003,161,2200,188">
<area shape="rect" href="$XSAttributeGroupDefinition_8hpp.html" title="XSAttributeGroupDefinition.hpp" alt="" coords="2224,161,2448,188">
<area shape="rect" href="$XSAttributeUse_8hpp.html" title="XSAttributeUse.hpp" alt="" coords="2472,161,2621,188">
<area shape="rect" href="$XSElementDeclaration_8hpp.html" title="XSElementDeclaration.hpp" alt="" coords="2645,161,2840,188">
<area shape="rect" href="$XSIDCDefinition_8hpp.html" title="XSIDCDefinition.hpp" alt="" coords="2864,161,3016,188">
<area shape="rect" href="$XSModelGroup_8hpp.html" title="XSModelGroup.hpp" alt="" coords="3040,161,3184,188">
<area shape="rect" href="$XSModelGroupDefinition_8hpp.html" title="XSModelGroupDefinition.hpp" alt="" coords="3208,161,3413,188">
