<area shape="rect" href="$PSVIElement_8hpp.html" title="xercesc/framework/psvi/PSVIElement.hpp" alt="" coords="971,84,1264,111">
<area shape="rect" href="$PSVIAttributeList_8hpp.html" title="xercesc/framework/psvi/PSVIAttributeList.hpp" alt="" coords="629,84,947,111">
<area shape="rect" href="$PSVIItem_8hpp.html" title="xercesc/framework/psvi/PSVIItem.hpp" alt="" coords="760,239,1029,265">
<area shape="rect" href="$PlatformUtils_8hpp.html" title="xercesc/util/PlatformUtils.hpp" alt="" coords="789,471,1000,497">
<area shape="rect" href="$XMLException_8hpp.html" title="xercesc/util/XMLException.hpp" alt="" coords="951,548,1167,575">
<area shape="rect" href="$PanicHandler_8hpp.html" title="xercesc/util/PanicHandler.hpp" alt="" coords="716,548,927,575">
<area shape="rect" href="$XMemory_8hpp.html" title="xercesc/util/XMemory.hpp" alt="" coords="728,625,915,652">
<area shape="rect" href="$XMLUni_8hpp.html" title="xercesc/util/XMLUni.hpp" alt="" coords="939,625,1112,652">
<area shape="rect" href="$XMLErrorReporter_8hpp.html" title="xercesc/framework/XMLErrorReporter.hpp" alt="" coords="1136,625,1432,652">
<area shape="rect" href="$XercesDefs_8hpp.html" title="xercesc/util/XercesDefs.hpp" alt="" coords="927,703,1124,729">
<area shape="rect" href="$XercesVersion_8hpp.html" title="xercesc/util/XercesVersion.hpp" alt="" coords="803,780,1019,807">
<area shape="rect" href="$AutoSense_8hpp.html" title="xercesc/util/AutoSense.hpp" alt="" coords="1043,780,1237,807">
<area shape="rect" href="$PSVIAttribute_8hpp.html" title="xercesc/framework/psvi/PSVIAttribute.hpp" alt="" coords="640,161,936,188">
<area shape="rect" href="$XSSimpleTypeDefinition_8hpp.html" title="xercesc/framework/psvi/XSSimpleTypeDefinition.hpp" alt="" coords="5,239,363,265">
<area shape="rect" href="$XSTypeDefinition_8hpp.html" title="xercesc/framework/psvi/XSTypeDefinition.hpp" alt="" coords="80,316,395,343">
<area shape="rect" href="$XSObject_8hpp.html" title="xercesc/framework/psvi/XSObject.hpp" alt="" coords="211,393,475,420">
<area shape="rect" href="$XSConstants_8hpp.html" title="xercesc/framework/psvi/XSConstants.hpp" alt="" coords="197,471,488,497">
