<area shape="rect" href="$XMLString_8hpp.html" title="xercesc/util/XMLString.hpp" alt="" coords="773,161,965,188">
<area shape="rect" href="$XMLUniDefs_8hpp.html" title="xercesc/util/XMLUniDefs.hpp" alt="" coords="1339,84,1544,111">
<area shape="rect" href="$XMemory_8hpp.html" title="xercesc/util/XMemory.hpp" alt="" coords="1037,239,1224,265">
<area shape="rect" href="$PlatformUtils_8hpp.html" title="xercesc/util/PlatformUtils.hpp" alt="" coords="1104,84,1315,111">
<area shape="rect" href="$MemoryManager_8hpp.html" title="xercesc/framework/MemoryManager.hpp" alt="" coords="536,239,824,265">
<area shape="rect" href="$XercesDefs_8hpp.html" title="xercesc/util/XercesDefs.hpp" alt="" coords="1236,316,1433,343">
<area shape="rect" href="$XercesVersion_8hpp.html" title="xercesc/util/XercesVersion.hpp" alt="" coords="1112,393,1328,420">
<area shape="rect" href="$AutoSense_8hpp.html" title="xercesc/util/AutoSense.hpp" alt="" coords="1352,393,1547,420">
<area shape="rect" href="$XMLException_8hpp.html" title="xercesc/util/XMLException.hpp" alt="" coords="1339,161,1555,188">
<area shape="rect" href="$PanicHandler_8hpp.html" title="xercesc/util/PanicHandler.hpp" alt="" coords="1104,161,1315,188">
<area shape="rect" href="$XMLUni_8hpp.html" title="xercesc/util/XMLUni.hpp" alt="" coords="1248,239,1421,265">
<area shape="rect" href="$XMLErrorReporter_8hpp.html" title="xercesc/framework/XMLErrorReporter.hpp" alt="" coords="1701,239,1997,265">
