<area shape="rect" href="$SAX2XMLReader_8hpp.html" title="xercesc/sax2/SAX2XMLReader.hpp" alt="" coords="127,84,372,111">
<area shape="rect" href="$XercesDefs_8hpp.html" title="xercesc/util/XercesDefs.hpp" alt="" coords="327,625,524,652">
<area shape="rect" href="$XMLUniDefs_8hpp.html" title="xercesc/util/XMLUniDefs.hpp" alt="" coords="63,393,268,420">
<area shape="rect" href="$XMLValidator_8hpp.html" title="xercesc/framework/XMLValidator.hpp" alt="" coords="203,161,464,188">
<area shape="rect" href="$XercesVersion_8hpp.html" title="xercesc/util/XercesVersion.hpp" alt="" coords="203,703,419,729">
<area shape="rect" href="$AutoSense_8hpp.html" title="xercesc/util/AutoSense.hpp" alt="" coords="443,703,637,729">
<area shape="rect" href="$XMLAttr_8hpp.html" title="xercesc/framework/XMLAttr.hpp" alt="" coords="943,239,1172,265">
<area shape="rect" href="$XMLValidityCodes_8hpp.html" title="xercesc/framework/XMLValidityCodes.hpp" alt="" coords="187,471,480,497">
<area shape="rect" href="$PlatformUtils_8hpp.html" title="xercesc/util/PlatformUtils.hpp" alt="" coords="827,393,1037,420">
<area shape="rect" href="$QName_8hpp.html" title="xercesc/util/QName.hpp" alt="" coords="969,316,1145,343">
<area shape="rect" href="$XMLAttDef_8hpp.html" title="xercesc/framework/XMLAttDef.hpp" alt="" coords="1169,316,1417,343">
<area shape="rect" href="$XMLException_8hpp.html" title="xercesc/util/XMLException.hpp" alt="" coords="587,471,803,497">
<area shape="rect" href="$PanicHandler_8hpp.html" title="xercesc/util/PanicHandler.hpp" alt="" coords="827,471,1037,497">
<area shape="rect" href="$XMemory_8hpp.html" title="xercesc/util/XMemory.hpp" alt="" coords="1144,548,1331,575">
<area shape="rect" href="$XMLUni_8hpp.html" title="xercesc/util/XMLUni.hpp" alt="" coords="691,548,864,575">
<area shape="rect" href="$XMLErrorReporter_8hpp.html" title="xercesc/framework/XMLErrorReporter.hpp" alt="" coords="371,548,667,575">
<area shape="rect" href="$XMLString_8hpp.html" title="xercesc/util/XMLString.hpp" alt="" coords="1371,393,1563,420">
<area shape="rect" href="$MemoryManager_8hpp.html" title="xercesc/framework/MemoryManager.hpp" alt="" coords="1355,548,1643,575">
<area shape="rect" href="$DOMError_8hpp.html" title="xercesc/dom/DOMError.hpp" alt="" coords="93,548,296,575">
