<area shape="rect" href="$XercesDefs_8hpp.html" title="xercesc/util/XercesDefs.hpp" alt="" coords="327,548,524,575">
<area shape="rect" href="$XMLUniDefs_8hpp.html" title="xercesc/util/XMLUniDefs.hpp" alt="" coords="63,316,268,343">
<area shape="rect" href="$XMLValidator_8hpp.html" title="xercesc/framework/XMLValidator.hpp" alt="" coords="203,84,464,111">
<area shape="rect" href="$XercesVersion_8hpp.html" title="xercesc/util/XercesVersion.hpp" alt="" coords="203,625,419,652">
<area shape="rect" href="$AutoSense_8hpp.html" title="xercesc/util/AutoSense.hpp" alt="" coords="443,625,637,652">
<area shape="rect" href="$XMLAttr_8hpp.html" title="xercesc/framework/XMLAttr.hpp" alt="" coords="943,161,1172,188">
<area shape="rect" href="$XMLValidityCodes_8hpp.html" title="xercesc/framework/XMLValidityCodes.hpp" alt="" coords="187,393,480,420">
<area shape="rect" href="$PlatformUtils_8hpp.html" title="xercesc/util/PlatformUtils.hpp" alt="" coords="827,316,1037,343">
<area shape="rect" href="$QName_8hpp.html" title="xercesc/util/QName.hpp" alt="" coords="969,239,1145,265">
<area shape="rect" href="$XMLAttDef_8hpp.html" title="xercesc/framework/XMLAttDef.hpp" alt="" coords="1169,239,1417,265">
<area shape="rect" href="$XMLException_8hpp.html" title="xercesc/util/XMLException.hpp" alt="" coords="587,393,803,420">
<area shape="rect" href="$PanicHandler_8hpp.html" title="xercesc/util/PanicHandler.hpp" alt="" coords="827,393,1037,420">
<area shape="rect" href="$XMemory_8hpp.html" title="xercesc/util/XMemory.hpp" alt="" coords="1144,471,1331,497">
<area shape="rect" href="$XMLUni_8hpp.html" title="xercesc/util/XMLUni.hpp" alt="" coords="691,471,864,497">
<area shape="rect" href="$XMLErrorReporter_8hpp.html" title="xercesc/framework/XMLErrorReporter.hpp" alt="" coords="371,471,667,497">
<area shape="rect" href="$XMLString_8hpp.html" title="xercesc/util/XMLString.hpp" alt="" coords="1371,316,1563,343">
<area shape="rect" href="$MemoryManager_8hpp.html" title="xercesc/framework/MemoryManager.hpp" alt="" coords="1355,471,1643,497">
<area shape="rect" href="$DOMError_8hpp.html" title="xercesc/dom/DOMError.hpp" alt="" coords="93,471,296,497">
