<area shape="rect" href="$Parser_8hpp.html" title="xercesc/sax/Parser.hpp" alt="" coords="2379,161,2549,188">
<area shape="rect" href="$XMLDocumentHandler_8hpp.html" title="xercesc/framework/XMLDocumentHandler.hpp" alt="" coords="1400,84,1723,111">
<area shape="rect" href="$XMLErrorReporter_8hpp.html" title="xercesc/framework/XMLErrorReporter.hpp" alt="" coords="1533,471,1829,497">
<area shape="rect" href="$XMLElementDecl_8hpp.html" title="xercesc/framework/XMLElementDecl.hpp" alt="" coords="415,84,703,111">
<area shape="rect" href="$XMLEntityHandler_8hpp.html" title="xercesc/framework/XMLEntityHandler.hpp" alt="" coords="1803,161,2096,188">
<area shape="rect" href="$SecurityManager_8hpp.html" title="xercesc/util/SecurityManager.hpp" alt="" coords="2120,161,2355,188">
<area shape="rect" href="$XercesDefs_8hpp.html" title="xercesc/util/XercesDefs.hpp" alt="" coords="1675,548,1872,575">
<area shape="rect" href="$XercesVersion_8hpp.html" title="xercesc/util/XercesVersion.hpp" alt="" coords="1551,625,1767,652">
<area shape="rect" href="$AutoSense_8hpp.html" title="xercesc/util/AutoSense.hpp" alt="" coords="1791,625,1985,652">
<area shape="rect" href="$XMLAttr_8hpp.html" title="xercesc/framework/XMLAttr.hpp" alt="" coords="636,161,865,188">
<area shape="rect" href="$PlatformUtils_8hpp.html" title="xercesc/util/PlatformUtils.hpp" alt="" coords="507,316,717,343">
<area shape="rect" href="$QName_8hpp.html" title="xercesc/util/QName.hpp" alt="" coords="725,239,901,265">
<area shape="rect" href="$XMLAttDef_8hpp.html" title="xercesc/framework/XMLAttDef.hpp" alt="" coords="403,239,651,265">
<area shape="rect" href="$XMLException_8hpp.html" title="xercesc/util/XMLException.hpp" alt="" coords="843,393,1059,420">
<area shape="rect" href="$PanicHandler_8hpp.html" title="xercesc/util/PanicHandler.hpp" alt="" coords="507,393,717,420">
<area shape="rect" href="$XMemory_8hpp.html" title="xercesc/util/XMemory.hpp" alt="" coords="519,471,705,497">
<area shape="rect" href="$XMLUni_8hpp.html" title="xercesc/util/XMLUni.hpp" alt="" coords="1317,471,1491,497">
<area shape="rect" href="$XMLString_8hpp.html" title="xercesc/util/XMLString.hpp" alt="" coords="1119,316,1311,343">
<area shape="rect" href="$XMLUniDefs_8hpp.html" title="xercesc/util/XMLUniDefs.hpp" alt="" coords="1752,316,1957,343">
<area shape="rect" href="$MemoryManager_8hpp.html" title="xercesc/framework/MemoryManager.hpp" alt="" coords="729,471,1017,497">
<area shape="rect" href="$XMLAttDefList_8hpp.html" title="xercesc/framework/XMLAttDefList.hpp" alt="" coords="5,239,277,265">
