<area shape="rect" href="$AbstractDOMParser_8hpp.html" title="xercesc/parsers/AbstractDOMParser.hpp" alt="" coords="1465,84,1751,111">
<area shape="rect" href="$DOMDocument_8hpp.html" title="xercesc/dom/DOMDocument.hpp" alt="" coords="481,703,719,729">
<area shape="rect" href="$XMLDocumentHandler_8hpp.html" title="xercesc/framework/XMLDocumentHandler.hpp" alt="" coords="1971,393,2293,420">
<area shape="rect" href="$XMLErrorReporter_8hpp.html" title="xercesc/framework/XMLErrorReporter.hpp" alt="" coords="1417,780,1713,807">
<area shape="rect" href="$XMLEntityHandler_8hpp.html" title="xercesc/framework/XMLEntityHandler.hpp" alt="" coords="1083,239,1376,265">
<area shape="rect" href="$SecurityManager_8hpp.html" title="xercesc/util/SecurityManager.hpp" alt="" coords="1192,316,1427,343">
<area shape="rect" href="$DOMDocumentType_8hpp.html" title="xercesc/dom/DOMDocumentType.hpp" alt="" coords="912,703,1179,729">
<area shape="rect" href="$PSVIHandler_8hpp.html" title="xercesc/framework/psvi/PSVIHandler.hpp" alt="" coords="2757,161,3045,188">
<area shape="rect" href="$XercesDefs_8hpp.html" title="xercesc/util/XercesDefs.hpp" alt="" coords="1155,857,1352,884">
<area shape="rect" href="$DOMNode_8hpp.html" title="xercesc/dom/DOMNode.hpp" alt="" coords="937,780,1140,807">
<area shape="rect" href="$DOMDocumentRange_8hpp.html" title="xercesc/dom/DOMDocumentRange.hpp" alt="" coords="25,780,303,807">
<area shape="rect" href="$DOMDocumentTraversal_8hpp.html" title="xercesc/dom/DOMDocumentTraversal.hpp" alt="" coords="327,780,620,807">
<area shape="rect" href="$DOMXPathEvaluator_8hpp.html" title="xercesc/dom/DOMXPathEvaluator.hpp" alt="" coords="644,780,913,807">
<area shape="rect" href="$XercesVersion_8hpp.html" title="xercesc/util/XercesVersion.hpp" alt="" coords="1031,935,1247,961">
<area shape="rect" href="$AutoSense_8hpp.html" title="xercesc/util/AutoSense.hpp" alt="" coords="1271,935,1465,961">
<area shape="rect" href="$XMLAttr_8hpp.html" title="xercesc/framework/XMLAttr.hpp" alt="" coords="2065,471,2295,497">
<area shape="rect" href="$PlatformUtils_8hpp.html" title="xercesc/util/PlatformUtils.hpp" alt="" coords="2587,625,2797,652">
<area shape="rect" href="$QName_8hpp.html" title="xercesc/util/QName.hpp" alt="" coords="1856,548,2032,575">
<area shape="rect" href="$XMLAttDef_8hpp.html" title="xercesc/framework/XMLAttDef.hpp" alt="" coords="2056,548,2304,575">
<area shape="rect" href="$XMLException_8hpp.html" title="xercesc/util/XMLException.hpp" alt="" coords="2245,703,2461,729">
<area shape="rect" href="$PanicHandler_8hpp.html" title="xercesc/util/PanicHandler.hpp" alt="" coords="2587,703,2797,729">
<area shape="rect" href="$XMemory_8hpp.html" title="xercesc/util/XMemory.hpp" alt="" coords="2503,780,2689,807">
<area shape="rect" href="$XMLUni_8hpp.html" title="xercesc/util/XMLUni.hpp" alt="" coords="2049,780,2223,807">
<area shape="rect" href="$XMLString_8hpp.html" title="xercesc/util/XMLString.hpp" alt="" coords="1848,625,2040,652">
<area shape="rect" href="$XMLUniDefs_8hpp.html" title="xercesc/util/XMLUniDefs.hpp" alt="" coords="1581,625,1787,652">
<area shape="rect" href="$MemoryManager_8hpp.html" title="xercesc/framework/MemoryManager.hpp" alt="" coords="1737,780,2025,807">
<area shape="rect" href="$PSVIElement_8hpp.html" title="xercesc/framework/psvi/PSVIElement.hpp" alt="" coords="3152,239,3445,265">
<area shape="rect" href="$PSVIAttributeList_8hpp.html" title="xercesc/framework/psvi/PSVIAttributeList.hpp" alt="" coords="2743,239,3060,265">
<area shape="rect" href="$PSVIItem_8hpp.html" title="xercesc/framework/psvi/PSVIItem.hpp" alt="" coords="3173,393,3443,420">
<area shape="rect" href="$PSVIAttribute_8hpp.html" title="xercesc/framework/psvi/PSVIAttribute.hpp" alt="" coords="3035,316,3331,343">
<area shape="rect" href="$XSSimpleTypeDefinition_8hpp.html" title="xercesc/framework/psvi/XSSimpleTypeDefinition.hpp" alt="" coords="2792,393,3149,420">
<area shape="rect" href="$XSTypeDefinition_8hpp.html" title="xercesc/framework/psvi/XSTypeDefinition.hpp" alt="" coords="2803,471,3117,497">
<area shape="rect" href="$XSObject_8hpp.html" title="xercesc/framework/psvi/XSObject.hpp" alt="" coords="2853,548,3117,575">
<area shape="rect" href="$XSConstants_8hpp.html" title="xercesc/framework/psvi/XSConstants.hpp" alt="" coords="2827,625,3117,652">
