<area shape="rect" href="$XercesDefs_8hpp.html" title="XercesDefs.hpp" alt="" coords="2340,84,2463,111">
<area shape="rect" href="$DOMAttr_8hpp.html" title="DOMAttr.hpp" alt="" coords="563,239,669,265">
<area shape="rect" href="$DOMBuilder_8hpp.html" title="DOMBuilder.hpp" alt="" coords="1597,161,1723,188">
<area shape="rect" href="$DOMCDATASection_8hpp.html" title="DOMCDATASection.hpp" alt="" coords="5,393,181,420">
<area shape="rect" href="$DOMCharacterData_8hpp.html" title="DOMCharacterData.hpp" alt="" coords="360,239,539,265">
<area shape="rect" href="$DOMComment_8hpp.html" title="DOMComment.hpp" alt="" coords="296,316,445,343">
<area shape="rect" href="$DOMText_8hpp.html" title="DOMText.hpp" alt="" coords="85,316,195,343">
<area shape="rect" href="$DOMDocument_8hpp.html" title="DOMDocument.hpp" alt="" coords="187,239,336,265">
<area shape="rect" href="$DOMDocumentFragment_8hpp.html" title="DOMDocumentFragment.hpp" alt="" coords="693,239,907,265">
<area shape="rect" href="$DOMDocumentRange_8hpp.html" title="DOMDocumentRange.hpp" alt="" coords="293,161,485,188">
<area shape="rect" href="$DOMDocumentTraversal_8hpp.html" title="DOMDocumentTraversal.hpp" alt="" coords="509,161,717,188">
<area shape="rect" href="$DOMDocumentType_8hpp.html" title="DOMDocumentType.hpp" alt="" coords="931,239,1109,265">
<area shape="rect" href="$DOMElement_8hpp.html" title="DOMElement.hpp" alt="" coords="1133,239,1269,265">
<area shape="rect" href="$DOMEntity_8hpp.html" title="DOMEntity.hpp" alt="" coords="1293,239,1413,265">
<area shape="rect" href="$DOMEntityReference_8hpp.html" title="DOMEntityReference.hpp" alt="" coords="1437,239,1624,265">
<area shape="rect" href="$DOMEntityResolver_8hpp.html" title="DOMEntityResolver.hpp" alt="" coords="1747,161,1923,188">
<area shape="rect" href="$DOMError_8hpp.html" title="DOMError.hpp" alt="" coords="2189,161,2304,188">
<area shape="rect" href="$XMLErrorCodes_8hpp.html" title="XMLErrorCodes.hpp" alt="" coords="2272,239,2424,265">
<area shape="rect" href="$XMLValidityCodes_8hpp.html" title="XMLValidityCodes.hpp" alt="" coords="2448,239,2613,265">
<area shape="rect" href="$DOMErrorHandler_8hpp.html" title="DOMErrorHandler.hpp" alt="" coords="2379,161,2544,188">
<area shape="rect" href="$DOMException_8hpp.html" title="DOMException.hpp" alt="" coords="2568,161,2715,188">
<area shape="rect" href="$DOMImplementationRegistry_8hpp.html" title="DOMImplementationRegistry.hpp" alt="" coords="2739,161,2976,188">
<area shape="rect" href="$DOMImplementationSource_8hpp.html" title="DOMImplementationSource.hpp" alt="" coords="3000,161,3229,188">
<area shape="rect" href="$DOMInputSource_8hpp.html" title="DOMInputSource.hpp" alt="" coords="3253,161,3413,188">
<area shape="rect" href="$DOMLocator_8hpp.html" title="DOMLocator.hpp" alt="" coords="3437,161,3568,188">
<area shape="rect" href="$DOMNamedNodeMap_8hpp.html" title="DOMNamedNodeMap.hpp" alt="" coords="3592,161,3784,188">
<area shape="rect" href="$DOMNode_8hpp.html" title="DOMNode.hpp" alt="" coords="1203,161,1320,188">
<area shape="rect" href="$DOMNotation_8hpp.html" title="DOMNotation.hpp" alt="" coords="1648,239,1787,265">
<area shape="rect" href="$DOMProcessingInstruction_8hpp.html" title="DOMProcessingInstruction.hpp" alt="" coords="1811,239,2029,265">
<area shape="rect" href="$DOMUserDataHandler_8hpp.html" title="DOMUserDataHandler.hpp" alt="" coords="2053,239,2248,265">
<area shape="rect" href="$DOMNodeList_8hpp.html" title="DOMNodeList.hpp" alt="" coords="3808,161,3947,188">
<area shape="rect" href="$DOMRange_8hpp.html" title="DOMRange.hpp" alt="" coords="3971,161,4093,188">
<area shape="rect" href="$DOMXPathEvaluator_8hpp.html" title="DOMXPathEvaluator.hpp" alt="" coords="741,161,925,188">
<area shape="rect" href="$DOMXPathException_8hpp.html" title="DOMXPathException.hpp" alt="" coords="4117,161,4301,188">
<area shape="rect" href="$DOMXPathExpression_8hpp.html" title="DOMXPathExpression.hpp" alt="" coords="4325,161,4517,188">
<area shape="rect" href="$DOMXPathNSResolver_8hpp.html" title="DOMXPathNSResolver.hpp" alt="" coords="4541,161,4739,188">
<area shape="rect" href="$DOMXPathResult_8hpp.html" title="DOMXPathResult.hpp" alt="" coords="4763,161,4923,188">
<area shape="rect" href="$MemoryManager_8hpp.html" title="MemoryManager.hpp" alt="" coords="4947,161,5107,188">
<area shape="rect" href="$XMLAttDefList_8hpp.html" title="XMLAttDefList.hpp" alt="" coords="5131,161,5275,188">
<area shape="rect" href="$XMLDocumentHandler_8hpp.html" title="XMLDocumentHandler.hpp" alt="" coords="5299,161,5493,188">
<area shape="rect" href="$XMLEntityHandler_8hpp.html" title="XMLEntityHandler.hpp" alt="" coords="5517,161,5683,188">
<area shape="rect" href="$XMLErrorReporter_8hpp.html" title="XMLErrorReporter.hpp" alt="" coords="1997,161,2165,188">
<area shape="rect" href="$AttributeList_8hpp.html" title="AttributeList.hpp" alt="" coords="5707,161,5835,188">
<area shape="rect" href="$DocumentHandler_8hpp.html" title="DocumentHandler.hpp" alt="" coords="5859,161,6027,188">
<area shape="rect" href="$DTDHandler_8hpp.html" title="DTDHandler.hpp" alt="" coords="6051,161,6179,188">
<area shape="rect" href="$EntityResolver_8hpp.html" title="EntityResolver.hpp" alt="" coords="6203,161,6347,188">
<area shape="rect" href="$ErrorHandler_8hpp.html" title="ErrorHandler.hpp" alt="" coords="6371,161,6504,188">
<area shape="rect" href="$Locator_8hpp.html" title="Locator.hpp" alt="" coords="6528,161,6627,188">
<area shape="rect" href="$Parser_8hpp.html" title="Parser.hpp" alt="" coords="6651,161,6741,188">
