<area shape="rect" href="$BinOutputStream_8hpp.html" title="BinOutputStream.hpp" alt="" coords="5,99,168,125">
<area shape="rect" href="$ValidationContext_8hpp.html" title="ValidationContext.hpp" alt="" coords="563,253,728,280">
<area shape="rect" href="$XMLAttDef_8hpp.html" title="XMLAttDef.hpp" alt="" coords="1675,253,1795,280">
<area shape="rect" href="$XMLAttDefList_8hpp.html" title="XMLAttDefList.hpp" alt="" coords="237,331,381,357">
<area shape="rect" href="$XMLContentModel_8hpp.html" title="XMLContentModel.hpp" alt="" coords="613,331,781,357">
<area shape="rect" href="$XMLEntityDecl_8hpp.html" title="XMLEntityDecl.hpp" alt="" coords="875,253,1019,280">
<area shape="rect" href="$XMLGrammarDescription_8hpp.html" title="XMLGrammarDescription.hpp" alt="" coords="2621,99,2835,125">
<area shape="rect" href="$XMLGrammarPool_8hpp.html" title="XMLGrammarPool.hpp" alt="" coords="1208,331,1376,357">
<area shape="rect" href="$XMLNotationDecl_8hpp.html" title="XMLNotationDecl.hpp" alt="" coords="1869,253,2029,280">
<area shape="rect" href="$XSNamedMap_8hpp.html" title="XSNamedMap.hpp" alt="" coords="1115,176,1256,203">
<area shape="rect" href="$SAXException_8hpp.html" title="SAXException.hpp" alt="" coords="2859,99,2997,125">
<area shape="rect" href="$BinInputStream_8hpp.html" title="BinInputStream.hpp" alt="" coords="1703,176,1855,203">
<area shape="rect" href="$OutOfMemoryException_8hpp.html" title="OutOfMemoryException.hpp" alt="" coords="3021,99,3229,125">
<area shape="rect" href="$PanicHandler_8hpp.html" title="PanicHandler.hpp" alt="" coords="1444,99,1577,125">
<area shape="rect" href="$QName_8hpp.html" title="QName.hpp" alt="" coords="752,253,851,280">
<area shape="rect" href="$TransService_8hpp.html" title="TransService.hpp" alt="" coords="2459,253,2589,280">
<area shape="rect" href="$XMLBigInteger_8hpp.html" title="XMLBigInteger.hpp" alt="" coords="3253,99,3397,125">
<area shape="rect" href="$XMLEntityResolver_8hpp.html" title="XMLEntityResolver.hpp" alt="" coords="3421,99,3592,125">
<area shape="rect" href="$XMLException_8hpp.html" title="XMLException.hpp" alt="" coords="2456,99,2597,125">
<area shape="rect" href="$XMLHolder_8hpp.html" title="XMLHolder.hpp" alt="" coords="3616,99,3736,125">
<area shape="rect" href="$XMLInteger_8hpp.html" title="XMLInteger.hpp" alt="" coords="3760,99,3883,125">
<area shape="rect" href="$XMLNumber_8hpp.html" title="XMLNumber.hpp" alt="" coords="3907,99,4037,125">
<area shape="rect" href="$XMLUri_8hpp.html" title="XMLUri.hpp" alt="" coords="4061,99,4157,125">
<area shape="rect" href="$XMLAttr_8hpp.html" title="XMLAttr.hpp" alt="" coords="1587,331,1688,357">
<area shape="rect" href="$XMLElementDecl_8hpp.html" title="XMLElementDecl.hpp" alt="" coords="1557,408,1717,435">
<area shape="rect" href="$XMLDTDDescription_8hpp.html" title="XMLDTDDescription.hpp" alt="" coords="4799,176,4975,203">
<area shape="rect" href="$XMLSchemaDescription_8hpp.html" title="XMLSchemaDescription.hpp" alt="" coords="4999,176,5201,203">
<area shape="rect" href="$XSElementDeclaration_8hpp.html" title="XSElementDeclaration.hpp" alt="" coords="344,253,539,280">
<area shape="rect" href="$XSModel_8hpp.html" title="XSModel.hpp" alt="" coords="1240,253,1344,280">
<area shape="rect" href="$XSNamespaceItem_8hpp.html" title="XSNamespaceItem.hpp" alt="" coords="1043,253,1216,280">
<area shape="rect" href="$SAXParseException_8hpp.html" title="SAXParseException.hpp" alt="" coords="5225,176,5401,203">
<area shape="rect" href="$XMLReaderFactory_8hpp.html" title="XMLReaderFactory.hpp" alt="" coords="5425,176,5596,203">
<area shape="rect" href="$BinFileInputStream_8hpp.html" title="BinFileInputStream.hpp" alt="" coords="2261,253,2435,280">
<area shape="rect" href="$BinMemInputStream_8hpp.html" title="BinMemInputStream.hpp" alt="" coords="2053,253,2237,280">
<area shape="rect" href="$DefaultPanicHandler_8hpp.html" title="DefaultPanicHandler.hpp" alt="" coords="1368,253,1549,280">
<area shape="rect" href="$PlatformUtils_8hpp.html" title="PlatformUtils.hpp" alt="" coords="1444,176,1577,203">
<area shape="rect" href="$ArrayIndexOutOfBoundsException_8hpp.html" title="ArrayIndexOutOfBoundsException.hpp" alt="" coords="3841,176,4113,203">
<area shape="rect" href="$EmptyStackException_8hpp.html" title="EmptyStackException.hpp" alt="" coords="4137,176,4329,203">
<area shape="rect" href="$IllegalArgumentException_8hpp.html" title="IllegalArgumentException.hpp" alt="" coords="4353,176,4567,203">
<area shape="rect" href="$InvalidCastException_8hpp.html" title="InvalidCastException.hpp" alt="" coords="4591,176,4775,203">
<area shape="rect" href="$IOException_8hpp.html" title="IOException.hpp" alt="" coords="1929,176,2057,203">
<area shape="rect" href="$NoSuchElementException_8hpp.html" title="NoSuchElementException.hpp" alt="" coords="2081,176,2300,203">
<area shape="rect" href="$NullPointerException_8hpp.html" title="NullPointerException.hpp" alt="" coords="2324,176,2508,203">
<area shape="rect" href="$NumberFormatException_8hpp.html" title="NumberFormatException.hpp" alt="" coords="2532,176,2745,203">
<area shape="rect" href="$ParseException_8hpp.html" title="ParseException.hpp" alt="" coords="2769,176,2919,203">
<area shape="rect" href="$RuntimeException_8hpp.html" title="RuntimeException.hpp" alt="" coords="2943,176,3111,203">
<area shape="rect" href="$SchemaDateTimeException_8hpp.html" title="SchemaDateTimeException.hpp" alt="" coords="3135,176,3364,203">
<area shape="rect" href="$TranscodingException_8hpp.html" title="TranscodingException.hpp" alt="" coords="3388,176,3575,203">
<area shape="rect" href="$UnexpectedEOFException_8hpp.html" title="UnexpectedEOFException.hpp" alt="" coords="3599,176,3817,203">
