<area shape="rect" href="$XMLDocumentHandler_8hpp.html" title="XMLDocumentHandler.hpp" alt="" coords="5,84,200,111">
<area shape="rect" href="$XMLElementDecl_8hpp.html" title="XMLElementDecl.hpp" alt="" coords="224,84,384,111">
<area shape="rect" href="$XMLValidator_8hpp.html" title="XMLValidator.hpp" alt="" coords="408,84,541,111">
<area shape="rect" href="$AbstractDOMParser_8hpp.html" title="AbstractDOMParser.hpp" alt="" coords="13,161,192,188">
<area shape="rect" href="$SAXParser_8hpp.html" title="SAXParser.hpp" alt="" coords="231,161,348,188">
<area shape="rect" href="$XercesDOMParser_8hpp.html" title="XercesDOMParser.hpp" alt="" coords="19,239,187,265">
<area shape="rect" href="$SAX2XMLReader_8hpp.html" title="SAX2XMLReader.hpp" alt="" coords="396,161,553,188">
<area shape="rect" href="$SAX2XMLFilter_8hpp.html" title="SAX2XMLFilter.hpp" alt="" coords="312,239,456,265">
<area shape="rect" href="$XMLReaderFactory_8hpp.html" title="XMLReaderFactory.hpp" alt="" coords="480,239,651,265">
