<area shape="rect" href="$XMLAttr_8hpp.html" title="XMLAttr.hpp" alt="" coords="253,84,355,111">
<area shape="rect" href="$XMLDocumentHandler_8hpp.html" title="XMLDocumentHandler.hpp" alt="" coords="5,161,200,188">
<area shape="rect" href="$XMLElementDecl_8hpp.html" title="XMLElementDecl.hpp" alt="" coords="224,161,384,188">
<area shape="rect" href="$XMLValidator_8hpp.html" title="XMLValidator.hpp" alt="" coords="408,161,541,188">
<area shape="rect" href="$AbstractDOMParser_8hpp.html" title="AbstractDOMParser.hpp" alt="" coords="13,239,192,265">
<area shape="rect" href="$SAXParser_8hpp.html" title="SAXParser.hpp" alt="" coords="231,239,348,265">
<area shape="rect" href="$XercesDOMParser_8hpp.html" title="XercesDOMParser.hpp" alt="" coords="19,316,187,343">
<area shape="rect" href="$SAX2XMLReader_8hpp.html" title="SAX2XMLReader.hpp" alt="" coords="396,239,553,265">
<area shape="rect" href="$SAX2XMLFilter_8hpp.html" title="SAX2XMLFilter.hpp" alt="" coords="312,316,456,343">
<area shape="rect" href="$XMLReaderFactory_8hpp.html" title="XMLReaderFactory.hpp" alt="" coords="480,316,651,343">
