<area shape="rect" href="$PlatformUtils_8hpp.html" title="xercesc/util/PlatformUtils.hpp" alt="" coords="545,161,756,188">
<area shape="rect" href="$QName_8hpp.html" title="xercesc/util/QName.hpp" alt="" coords="700,84,876,111">
<area shape="rect" href="$XMLAttDef_8hpp.html" title="xercesc/framework/XMLAttDef.hpp" alt="" coords="900,84,1148,111">
<area shape="rect" href="$XMLException_8hpp.html" title="xercesc/util/XMLException.hpp" alt="" coords="305,239,521,265">
<area shape="rect" href="$PanicHandler_8hpp.html" title="xercesc/util/PanicHandler.hpp" alt="" coords="545,239,756,265">
<area shape="rect" href="$XMemory_8hpp.html" title="xercesc/util/XMemory.hpp" alt="" coords="844,316,1031,343">
<area shape="rect" href="$XMLUni_8hpp.html" title="xercesc/util/XMLUni.hpp" alt="" coords="327,316,500,343">
<area shape="rect" href="$XMLErrorReporter_8hpp.html" title="xercesc/framework/XMLErrorReporter.hpp" alt="" coords="524,316,820,343">
<area shape="rect" href="$XercesDefs_8hpp.html" title="xercesc/util/XercesDefs.hpp" alt="" coords="573,393,771,420">
<area shape="rect" href="$XercesVersion_8hpp.html" title="xercesc/util/XercesVersion.hpp" alt="" coords="449,471,665,497">
<area shape="rect" href="$AutoSense_8hpp.html" title="xercesc/util/AutoSense.hpp" alt="" coords="689,471,884,497">
<area shape="rect" href="$XMLString_8hpp.html" title="xercesc/util/XMLString.hpp" alt="" coords="1089,161,1281,188">
<area shape="rect" href="$XMLUniDefs_8hpp.html" title="xercesc/util/XMLUniDefs.hpp" alt="" coords="124,161,329,188">
<area shape="rect" href="$MemoryManager_8hpp.html" title="xercesc/framework/MemoryManager.hpp" alt="" coords="1055,316,1343,343">
