<area shape="rect" href="$XMLNumber_8hpp.html" title="xercesc/util/XMLNumber.hpp" alt="" coords="937,84,1143,111">
<area shape="rect" href="$PlatformUtils_8hpp.html" title="xercesc/util/PlatformUtils.hpp" alt="" coords="703,84,913,111">
<area shape="rect" href="$XMLString_8hpp.html" title="xercesc/util/XMLString.hpp" alt="" coords="1468,161,1660,188">
<area shape="rect" href="$XMLUniDefs_8hpp.html" title="xercesc/util/XMLUniDefs.hpp" alt="" coords="23,84,228,111">
<area shape="rect" href="$SchemaDateTimeException_8hpp.html" title="xercesc/util/SchemaDateTimeException.hpp" alt="" coords="375,84,679,111">
<area shape="rect" href="$XMemory_8hpp.html" title="xercesc/util/XMemory.hpp" alt="" coords="879,239,1065,265">
<area shape="rect" href="$XercesDefs_8hpp.html" title="xercesc/util/XercesDefs.hpp" alt="" coords="412,316,609,343">
<area shape="rect" href="$XercesVersion_8hpp.html" title="xercesc/util/XercesVersion.hpp" alt="" coords="288,393,504,420">
<area shape="rect" href="$AutoSense_8hpp.html" title="xercesc/util/AutoSense.hpp" alt="" coords="528,393,723,420">
<area shape="rect" href="$XMLException_8hpp.html" title="xercesc/util/XMLException.hpp" alt="" coords="440,161,656,188">
<area shape="rect" href="$PanicHandler_8hpp.html" title="xercesc/util/PanicHandler.hpp" alt="" coords="716,161,927,188">
<area shape="rect" href="$XMLUni_8hpp.html" title="xercesc/util/XMLUni.hpp" alt="" coords="681,239,855,265">
<area shape="rect" href="$XMLErrorReporter_8hpp.html" title="xercesc/framework/XMLErrorReporter.hpp" alt="" coords="105,239,401,265">
<area shape="rect" href="$MemoryManager_8hpp.html" title="xercesc/framework/MemoryManager.hpp" alt="" coords="1809,239,2097,265">
