<area shape="rect" href="$ArrayIndexOutOfBoundsException_8hpp.html" title="ArrayIndexOutOfBoundsException.hpp" alt="" coords="225,84,497,111">
<area shape="rect" href="$EmptyStackException_8hpp.html" title="EmptyStackException.hpp" alt="" coords="521,84,713,111">
<area shape="rect" href="$IllegalArgumentException_8hpp.html" title="IllegalArgumentException.hpp" alt="" coords="737,84,951,111">
<area shape="rect" href="$InvalidCastException_8hpp.html" title="InvalidCastException.hpp" alt="" coords="975,84,1159,111">
<area shape="rect" href="$IOException_8hpp.html" title="IOException.hpp" alt="" coords="1183,84,1311,111">
<area shape="rect" href="$NoSuchElementException_8hpp.html" title="NoSuchElementException.hpp" alt="" coords="1335,84,1553,111">
<area shape="rect" href="$NullPointerException_8hpp.html" title="NullPointerException.hpp" alt="" coords="1577,84,1761,111">
<area shape="rect" href="$NumberFormatException_8hpp.html" title="NumberFormatException.hpp" alt="" coords="1785,84,1999,111">
<area shape="rect" href="$ParseException_8hpp.html" title="ParseException.hpp" alt="" coords="2023,84,2172,111">
<area shape="rect" href="$PlatformUtils_8hpp.html" title="PlatformUtils.hpp" alt="" coords="2196,84,2329,111">
<area shape="rect" href="$XMLNetAccessor_8hpp.html" title="XMLNetAccessor.hpp" alt="" coords="4079,239,4236,265">
<area shape="rect" href="$RuntimeException_8hpp.html" title="RuntimeException.hpp" alt="" coords="2607,84,2775,111">
<area shape="rect" href="$SchemaDateTimeException_8hpp.html" title="SchemaDateTimeException.hpp" alt="" coords="2353,84,2583,111">
<area shape="rect" href="$TranscodingException_8hpp.html" title="TranscodingException.hpp" alt="" coords="2849,84,3036,111">
<area shape="rect" href="$UnexpectedEOFException_8hpp.html" title="UnexpectedEOFException.hpp" alt="" coords="3060,84,3279,111">
<area shape="rect" href="$UnsupportedEncodingException_8hpp.html" title="UnsupportedEncodingException.hpp" alt="" coords="3303,84,3559,111">
<area shape="rect" href="$UTFDataFormatException_8hpp.html" title="UTFDataFormatException.hpp" alt="" coords="3583,84,3801,111">
<area shape="rect" href="$DOMException_8hpp.html" title="DOMException.hpp" alt="" coords="3688,161,3835,188">
<area shape="rect" href="$DOMImplementation_8hpp.html" title="DOMImplementation.hpp" alt="" coords="3589,316,3773,343">
<area shape="rect" href="$DOMImplementationLS_8hpp.html" title="DOMImplementationLS.hpp" alt="" coords="3784,239,3987,265">
<area shape="rect" href="$ValidationContext_8hpp.html" title="ValidationContext.hpp" alt="" coords="149,161,315,188">
<area shape="rect" href="$Wrapper4InputSource_8hpp.html" title="Wrapper4InputSource.hpp" alt="" coords="339,161,528,188">
<area shape="rect" href="$XMLAttDef_8hpp.html" title="XMLAttDef.hpp" alt="" coords="5,161,125,188">
<area shape="rect" href="$XMLAttr_8hpp.html" title="XMLAttr.hpp" alt="" coords="551,239,652,265">
<area shape="rect" href="$XMLElementDecl_8hpp.html" title="XMLElementDecl.hpp" alt="" coords="659,316,819,343">
<area shape="rect" href="$XMLEntityDecl_8hpp.html" title="XMLEntityDecl.hpp" alt="" coords="776,161,920,188">
<area shape="rect" href="$XMLFormatter_8hpp.html" title="XMLFormatter.hpp" alt="" coords="944,161,1088,188">
<area shape="rect" href="$XMLGrammarPool_8hpp.html" title="XMLGrammarPool.hpp" alt="" coords="1635,316,1803,343">
<area shape="rect" href="$XMLNotationDecl_8hpp.html" title="XMLNotationDecl.hpp" alt="" coords="1163,161,1323,188">
<area shape="rect" href="$PSVIAttributeList_8hpp.html" title="PSVIAttributeList.hpp" alt="" coords="1347,161,1507,188">
<area shape="rect" href="$PSVIItem_8hpp.html" title="PSVIItem.hpp" alt="" coords="1531,161,1643,188">
<area shape="rect" href="$XSModel_8hpp.html" title="XSModel.hpp" alt="" coords="1523,239,1627,265">
<area shape="rect" href="$XSNamespaceItem_8hpp.html" title="XSNamespaceItem.hpp" alt="" coords="1651,239,1824,265">
<area shape="rect" href="$XSObject_8hpp.html" title="XSObject.hpp" alt="" coords="1667,161,1773,188">
<area shape="rect" href="$XSValue_8hpp.html" title="XSValue.hpp" alt="" coords="1899,161,2000,188">
<area shape="rect" href="$InputSource_8hpp.html" title="InputSource.hpp" alt="" coords="2024,161,2152,188">
<area shape="rect" href="$BinFileInputStream_8hpp.html" title="BinFileInputStream.hpp" alt="" coords="2176,161,2349,188">
<area shape="rect" href="$BinMemInputStream_8hpp.html" title="BinMemInputStream.hpp" alt="" coords="2373,161,2557,188">
<area shape="rect" href="$DefaultPanicHandler_8hpp.html" title="DefaultPanicHandler.hpp" alt="" coords="2581,161,2763,188">
<area shape="rect" href="$HexBin_8hpp.html" title="HexBin.hpp" alt="" coords="2787,161,2883,188">
<area shape="rect" href="$QName_8hpp.html" title="QName.hpp" alt="" coords="552,161,651,188">
<area shape="rect" href="$TransService_8hpp.html" title="TransService.hpp" alt="" coords="2957,161,3088,188">
<area shape="rect" href="$XMLAbstractDoubleFloat_8hpp.html" title="XMLAbstractDoubleFloat.hpp" alt="" coords="3112,161,3320,188">
<area shape="rect" href="$XMLBigDecimal_8hpp.html" title="XMLBigDecimal.hpp" alt="" coords="3344,161,3493,188">
<area shape="rect" href="$XMLDateTime_8hpp.html" title="XMLDateTime.hpp" alt="" coords="4037,161,4176,188">
<area shape="rect" href="$XMLDeleterFor_8hpp.html" title="XMLDeleterFor.hpp" alt="" coords="3517,161,3664,188">
<area shape="rect" href="$XMLURL_8hpp.html" title="XMLURL.hpp" alt="" coords="3909,161,4013,188">
<area shape="rect" href="$DOMRangeException_8hpp.html" title="DOMRangeException.hpp" alt="" coords="3523,239,3709,265">
<area shape="rect" href="$XMLDocumentHandler_8hpp.html" title="XMLDocumentHandler.hpp" alt="" coords="440,316,635,343">
