<area shape="rect" href="$PlatformUtils_8hpp.html" title="xercesc/util/PlatformUtils.hpp" alt="" coords="1019,239,1229,265">
<area shape="rect" href="$XMemory_8hpp.html" title="xercesc/util/XMemory.hpp" alt="" coords="979,393,1165,420">
<area shape="rect" href="$XSModel_8hpp.html" title="xercesc/framework/psvi/XSModel.hpp" alt="" coords="661,84,923,111">
<area shape="rect" href="$XMLException_8hpp.html" title="xercesc/util/XMLException.hpp" alt="" coords="1424,316,1640,343">
<area shape="rect" href="$PanicHandler_8hpp.html" title="xercesc/util/PanicHandler.hpp" alt="" coords="1189,316,1400,343">
<area shape="rect" href="$XMLUni_8hpp.html" title="xercesc/util/XMLUni.hpp" alt="" coords="1445,393,1619,420">
<area shape="rect" href="$XMLErrorReporter_8hpp.html" title="xercesc/framework/XMLErrorReporter.hpp" alt="" coords="1643,393,1939,420">
<area shape="rect" href="$XercesDefs_8hpp.html" title="xercesc/util/XercesDefs.hpp" alt="" coords="1433,471,1631,497">
<area shape="rect" href="$XercesVersion_8hpp.html" title="xercesc/util/XercesVersion.hpp" alt="" coords="1309,548,1525,575">
<area shape="rect" href="$AutoSense_8hpp.html" title="xercesc/util/AutoSense.hpp" alt="" coords="1549,548,1744,575">
<area shape="rect" href="$XSObject_8hpp.html" title="xercesc/framework/psvi/XSObject.hpp" alt="" coords="745,161,1009,188">
<area shape="rect" href="$XSNamedMap_8hpp.html" title="xercesc/framework/psvi/XSNamedMap.hpp" alt="" coords="379,239,677,265">
<area shape="rect" href="$XSConstants_8hpp.html" title="xercesc/framework/psvi/XSConstants.hpp" alt="" coords="704,239,995,265">
