<area shape="rect" href="$SAX2XMLReader_8hpp.html" title="xercesc/sax2/SAX2XMLReader.hpp" alt="" coords="1237,84,1483,111">
<area shape="rect" href="$SAXException_8hpp.html" title="xercesc/sax/SAXException.hpp" alt="" coords="1637,393,1856,420">
<area shape="rect" href="$XercesDefs_8hpp.html" title="xercesc/util/XercesDefs.hpp" alt="" coords="680,625,877,652">
<area shape="rect" href="$XMLUniDefs_8hpp.html" title="xercesc/util/XMLUniDefs.hpp" alt="" coords="763,393,968,420">
<area shape="rect" href="$XMLValidator_8hpp.html" title="xercesc/framework/XMLValidator.hpp" alt="" coords="1229,161,1491,188">
<area shape="rect" href="$XercesVersion_8hpp.html" title="xercesc/util/XercesVersion.hpp" alt="" coords="556,703,772,729">
<area shape="rect" href="$AutoSense_8hpp.html" title="xercesc/util/AutoSense.hpp" alt="" coords="796,703,991,729">
<area shape="rect" href="$XMLAttr_8hpp.html" title="xercesc/framework/XMLAttr.hpp" alt="" coords="1245,239,1475,265">
<area shape="rect" href="$XMLValidityCodes_8hpp.html" title="xercesc/framework/XMLValidityCodes.hpp" alt="" coords="5,471,299,497">
<area shape="rect" href="$PlatformUtils_8hpp.html" title="xercesc/util/PlatformUtils.hpp" alt="" coords="992,393,1203,420">
<area shape="rect" href="$QName_8hpp.html" title="xercesc/util/QName.hpp" alt="" coords="1144,316,1320,343">
<area shape="rect" href="$XMLAttDef_8hpp.html" title="xercesc/framework/XMLAttDef.hpp" alt="" coords="1344,316,1592,343">
<area shape="rect" href="$XMLException_8hpp.html" title="xercesc/util/XMLException.hpp" alt="" coords="701,471,917,497">
<area shape="rect" href="$PanicHandler_8hpp.html" title="xercesc/util/PanicHandler.hpp" alt="" coords="941,471,1152,497">
<area shape="rect" href="$XMemory_8hpp.html" title="xercesc/util/XMemory.hpp" alt="" coords="1147,548,1333,575">
<area shape="rect" href="$XMLUni_8hpp.html" title="xercesc/util/XMLUni.hpp" alt="" coords="949,548,1123,575">
<area shape="rect" href="$XMLErrorReporter_8hpp.html" title="xercesc/framework/XMLErrorReporter.hpp" alt="" coords="373,548,669,575">
<area shape="rect" href="$XMLString_8hpp.html" title="xercesc/util/XMLString.hpp" alt="" coords="1767,471,1959,497">
<area shape="rect" href="$MemoryManager_8hpp.html" title="xercesc/framework/MemoryManager.hpp" alt="" coords="2077,548,2365,575">
<area shape="rect" href="$DOMError_8hpp.html" title="xercesc/dom/DOMError.hpp" alt="" coords="96,548,299,575">
