<area shape="rect" href="$DOMConfiguration_8hpp.html" title="DOMConfiguration.hpp" alt="" coords="5,84,176,111">
<area shape="rect" href="$DOMPSVITypeInfo_8hpp.html" title="DOMPSVITypeInfo.hpp" alt="" coords="200,84,368,111">
<area shape="rect" href="$DOMTypeInfo_8hpp.html" title="DOMTypeInfo.hpp" alt="" coords="392,84,528,111">
<area shape="rect" href="$XMLAttDef_8hpp.html" title="XMLAttDef.hpp" alt="" coords="603,84,723,111">
<area shape="rect" href="$XMLElementDecl_8hpp.html" title="XMLElementDecl.hpp" alt="" coords="501,239,661,265">
<area shape="rect" href="$XMLEntityDecl_8hpp.html" title="XMLEntityDecl.hpp" alt="" coords="747,84,891,111">
<area shape="rect" href="$XMLNotationDecl_8hpp.html" title="XMLNotationDecl.hpp" alt="" coords="915,84,1075,111">
<area shape="rect" href="$SAXException_8hpp.html" title="SAXException.hpp" alt="" coords="1221,84,1360,111">
<area shape="rect" href="$QName_8hpp.html" title="QName.hpp" alt="" coords="1099,84,1197,111">
<area shape="rect" href="$XMLBigDecimal_8hpp.html" title="XMLBigDecimal.hpp" alt="" coords="1384,84,1533,111">
<area shape="rect" href="$XMLBigInteger_8hpp.html" title="XMLBigInteger.hpp" alt="" coords="1557,84,1701,111">
<area shape="rect" href="$XMLDateTime_8hpp.html" title="XMLDateTime.hpp" alt="" coords="1725,84,1864,111">
<area shape="rect" href="$XMLStringTokenizer_8hpp.html" title="XMLStringTokenizer.hpp" alt="" coords="1888,84,2061,111">
<area shape="rect" href="$XMLUri_8hpp.html" title="XMLUri.hpp" alt="" coords="2085,84,2181,111">
<area shape="rect" href="$XMLAttr_8hpp.html" title="XMLAttr.hpp" alt="" coords="732,161,833,188">
<area shape="rect" href="$XMLDocumentHandler_8hpp.html" title="XMLDocumentHandler.hpp" alt="" coords="685,239,880,265">
<area shape="rect" href="$XMLValidator_8hpp.html" title="XMLValidator.hpp" alt="" coords="905,239,1039,265">
<area shape="rect" href="$AbstractDOMParser_8hpp.html" title="AbstractDOMParser.hpp" alt="" coords="693,316,872,343">
<area shape="rect" href="$SAXParser_8hpp.html" title="SAXParser.hpp" alt="" coords="537,316,655,343">
<area shape="rect" href="$XercesDOMParser_8hpp.html" title="XercesDOMParser.hpp" alt="" coords="699,393,867,420">
<area shape="rect" href="$SAX2XMLReader_8hpp.html" title="SAX2XMLReader.hpp" alt="" coords="1024,316,1181,343">
<area shape="rect" href="$SAX2XMLFilter_8hpp.html" title="SAX2XMLFilter.hpp" alt="" coords="1031,393,1175,420">
<area shape="rect" href="$XMLReaderFactory_8hpp.html" title="XMLReaderFactory.hpp" alt="" coords="1263,393,1433,420">
<area shape="rect" href="$SAXParseException_8hpp.html" title="SAXParseException.hpp" alt="" coords="1199,161,1375,188">
<area shape="rect" href="$HandlerBase_8hpp.html" title="HandlerBase.hpp" alt="" coords="1240,239,1371,265">
<area shape="rect" href="$DefaultHandler_8hpp.html" title="DefaultHandler.hpp" alt="" coords="1069,239,1216,265">
<area shape="rect" href="$XMLContentModel_8hpp.html" title="XMLContentModel.hpp" alt="" coords="1007,161,1175,188">
