<area shape="rect" href="$Base64_8hpp.html" title="Base64.hpp" alt="" coords="95,84,191,111">
<area shape="rect" href="$OutOfMemoryException_8hpp.html" title="OutOfMemoryException.hpp" alt="" coords="215,84,423,111">
<area shape="rect" href="$QName_8hpp.html" title="QName.hpp" alt="" coords="447,84,545,111">
<area shape="rect" href="$SAX2XMLReader_8hpp.html" title="SAX2XMLReader.hpp" alt="" coords="451,316,608,343">
<area shape="rect" href="$XMLChar_8hpp.html" title="XMLChar.hpp" alt="" coords="620,84,729,111">
<area shape="rect" href="$XMLDateTime_8hpp.html" title="XMLDateTime.hpp" alt="" coords="753,84,892,111">
<area shape="rect" href="$XMLAttr_8hpp.html" title="XMLAttr.hpp" alt="" coords="252,161,353,188">
<area shape="rect" href="$XMLContentModel_8hpp.html" title="XMLContentModel.hpp" alt="" coords="377,161,545,188">
<area shape="rect" href="$XMLDocumentHandler_8hpp.html" title="XMLDocumentHandler.hpp" alt="" coords="5,239,200,265">
<area shape="rect" href="$XMLElementDecl_8hpp.html" title="XMLElementDecl.hpp" alt="" coords="224,239,384,265">
<area shape="rect" href="$XMLValidator_8hpp.html" title="XMLValidator.hpp" alt="" coords="411,239,544,265">
<area shape="rect" href="$AbstractDOMParser_8hpp.html" title="AbstractDOMParser.hpp" alt="" coords="13,316,192,343">
<area shape="rect" href="$SAXParser_8hpp.html" title="SAXParser.hpp" alt="" coords="231,316,348,343">
<area shape="rect" href="$XercesDOMParser_8hpp.html" title="XercesDOMParser.hpp" alt="" coords="19,393,187,420">
<area shape="rect" href="$SAX2XMLFilter_8hpp.html" title="SAX2XMLFilter.hpp" alt="" coords="367,393,511,420">
<area shape="rect" href="$XMLReaderFactory_8hpp.html" title="XMLReaderFactory.hpp" alt="" coords="535,393,705,420">
