<area shape="rect" href="$SAXException_8hpp.html" title="SAXException.hpp" alt="" coords="219,84,357,111">
<area shape="rect" href="$XMLException_8hpp.html" title="XMLException.hpp" alt="" coords="2076,84,2217,111">
<area shape="rect" href="$SAXParseException_8hpp.html" title="SAXParseException.hpp" alt="" coords="200,161,376,188">
<area shape="rect" href="$XMLReaderFactory_8hpp.html" title="XMLReaderFactory.hpp" alt="" coords="5,161,176,188">
<area shape="rect" href="$HandlerBase_8hpp.html" title="HandlerBase.hpp" alt="" coords="60,239,191,265">
<area shape="rect" href="$DefaultHandler_8hpp.html" title="DefaultHandler.hpp" alt="" coords="215,239,361,265">
<area shape="rect" href="$ArrayIndexOutOfBoundsException_8hpp.html" title="ArrayIndexOutOfBoundsException.hpp" alt="" coords="3753,161,4025,188">
<area shape="rect" href="$EmptyStackException_8hpp.html" title="EmptyStackException.hpp" alt="" coords="4049,161,4241,188">
<area shape="rect" href="$IllegalArgumentException_8hpp.html" title="IllegalArgumentException.hpp" alt="" coords="535,161,748,188">
<area shape="rect" href="$InvalidCastException_8hpp.html" title="InvalidCastException.hpp" alt="" coords="772,161,956,188">
<area shape="rect" href="$IOException_8hpp.html" title="IOException.hpp" alt="" coords="980,161,1108,188">
<area shape="rect" href="$NoSuchElementException_8hpp.html" title="NoSuchElementException.hpp" alt="" coords="1132,161,1351,188">
<area shape="rect" href="$NullPointerException_8hpp.html" title="NullPointerException.hpp" alt="" coords="1375,161,1559,188">
<area shape="rect" href="$NumberFormatException_8hpp.html" title="NumberFormatException.hpp" alt="" coords="1583,161,1796,188">
<area shape="rect" href="$ParseException_8hpp.html" title="ParseException.hpp" alt="" coords="1820,161,1969,188">
<area shape="rect" href="$PlatformUtils_8hpp.html" title="PlatformUtils.hpp" alt="" coords="1993,161,2127,188">
<area shape="rect" href="$RuntimeException_8hpp.html" title="RuntimeException.hpp" alt="" coords="2151,161,2319,188">
<area shape="rect" href="$SchemaDateTimeException_8hpp.html" title="SchemaDateTimeException.hpp" alt="" coords="2343,161,2572,188">
<area shape="rect" href="$TranscodingException_8hpp.html" title="TranscodingException.hpp" alt="" coords="2596,161,2783,188">
<area shape="rect" href="$UnexpectedEOFException_8hpp.html" title="UnexpectedEOFException.hpp" alt="" coords="2807,161,3025,188">
<area shape="rect" href="$UnsupportedEncodingException_8hpp.html" title="UnsupportedEncodingException.hpp" alt="" coords="3049,161,3305,188">
<area shape="rect" href="$UTFDataFormatException_8hpp.html" title="UTFDataFormatException.hpp" alt="" coords="3329,161,3548,188">
<area shape="rect" href="$XMLNetAccessor_8hpp.html" title="XMLNetAccessor.hpp" alt="" coords="3572,161,3729,188">
<area shape="rect" href="$DOMException_8hpp.html" title="DOMException.hpp" alt="" coords="3287,239,3433,265">
<area shape="rect" href="$DOMImplementation_8hpp.html" title="DOMImplementation.hpp" alt="" coords="3765,316,3949,343">
<area shape="rect" href="$DOMImplementationLS_8hpp.html" title="DOMImplementationLS.hpp" alt="" coords="3895,239,4097,265">
<area shape="rect" href="$ValidationContext_8hpp.html" title="ValidationContext.hpp" alt="" coords="529,239,695,265">
<area shape="rect" href="$Wrapper4InputSource_8hpp.html" title="Wrapper4InputSource.hpp" alt="" coords="719,239,908,265">
<area shape="rect" href="$XMLAttDef_8hpp.html" title="XMLAttDef.hpp" alt="" coords="385,239,505,265">
<area shape="rect" href="$XMLAttr_8hpp.html" title="XMLAttr.hpp" alt="" coords="955,316,1056,343">
<area shape="rect" href="$XMLElementDecl_8hpp.html" title="XMLElementDecl.hpp" alt="" coords="971,393,1131,420">
<area shape="rect" href="$XMLEntityDecl_8hpp.html" title="XMLEntityDecl.hpp" alt="" coords="1156,239,1300,265">
<area shape="rect" href="$XMLFormatter_8hpp.html" title="XMLFormatter.hpp" alt="" coords="1324,239,1468,265">
<area shape="rect" href="$XMLGrammarPool_8hpp.html" title="XMLGrammarPool.hpp" alt="" coords="1699,393,1867,420">
<area shape="rect" href="$XMLNotationDecl_8hpp.html" title="XMLNotationDecl.hpp" alt="" coords="1543,239,1703,265">
<area shape="rect" href="$PSVIAttributeList_8hpp.html" title="PSVIAttributeList.hpp" alt="" coords="1727,239,1887,265">
<area shape="rect" href="$PSVIItem_8hpp.html" title="PSVIItem.hpp" alt="" coords="1911,239,2023,265">
<area shape="rect" href="$XSModel_8hpp.html" title="XSModel.hpp" alt="" coords="2008,316,2112,343">
<area shape="rect" href="$XSNamespaceItem_8hpp.html" title="XSNamespaceItem.hpp" alt="" coords="2145,316,2319,343">
<area shape="rect" href="$XSObject_8hpp.html" title="XSObject.hpp" alt="" coords="2097,239,2204,265">
<area shape="rect" href="$XSValue_8hpp.html" title="XSValue.hpp" alt="" coords="2279,239,2380,265">
<area shape="rect" href="$InputSource_8hpp.html" title="InputSource.hpp" alt="" coords="2404,239,2532,265">
<area shape="rect" href="$BinFileInputStream_8hpp.html" title="BinFileInputStream.hpp" alt="" coords="2556,239,2729,265">
<area shape="rect" href="$BinMemInputStream_8hpp.html" title="BinMemInputStream.hpp" alt="" coords="2753,239,2937,265">
<area shape="rect" href="$DefaultPanicHandler_8hpp.html" title="DefaultPanicHandler.hpp" alt="" coords="2961,239,3143,265">
<area shape="rect" href="$HexBin_8hpp.html" title="HexBin.hpp" alt="" coords="3167,239,3263,265">
<area shape="rect" href="$QName_8hpp.html" title="QName.hpp" alt="" coords="932,239,1031,265">
<area shape="rect" href="$TransService_8hpp.html" title="TransService.hpp" alt="" coords="3457,239,3588,265">
<area shape="rect" href="$XMLAbstractDoubleFloat_8hpp.html" title="XMLAbstractDoubleFloat.hpp" alt="" coords="3612,239,3820,265">
