<area shape="rect" href="$XMLAttr_8hpp.html" title="xercesc/framework/XMLAttr.hpp" alt="" coords="713,84,943,111">
<area shape="rect" href="$XMLValidityCodes_8hpp.html" title="xercesc/framework/XMLValidityCodes.hpp" alt="" coords="1543,316,1836,343">
<area shape="rect" href="$PlatformUtils_8hpp.html" title="xercesc/util/PlatformUtils.hpp" alt="" coords="848,239,1059,265">
<area shape="rect" href="$QName_8hpp.html" title="xercesc/util/QName.hpp" alt="" coords="740,161,916,188">
<area shape="rect" href="$XMLAttDef_8hpp.html" title="xercesc/framework/XMLAttDef.hpp" alt="" coords="468,161,716,188">
<area shape="rect" href="$XMLException_8hpp.html" title="xercesc/util/XMLException.hpp" alt="" coords="1083,316,1299,343">
<area shape="rect" href="$PanicHandler_8hpp.html" title="xercesc/util/PanicHandler.hpp" alt="" coords="848,316,1059,343">
<area shape="rect" href="$XMemory_8hpp.html" title="xercesc/util/XMemory.hpp" alt="" coords="508,393,695,420">
<area shape="rect" href="$XMLUni_8hpp.html" title="xercesc/util/XMLUni.hpp" alt="" coords="975,393,1148,420">
<area shape="rect" href="$XMLErrorReporter_8hpp.html" title="xercesc/framework/XMLErrorReporter.hpp" alt="" coords="1172,393,1468,420">
<area shape="rect" href="$XercesDefs_8hpp.html" title="xercesc/util/XercesDefs.hpp" alt="" coords="1221,471,1419,497">
<area shape="rect" href="$XercesVersion_8hpp.html" title="xercesc/util/XercesVersion.hpp" alt="" coords="1097,548,1313,575">
<area shape="rect" href="$AutoSense_8hpp.html" title="xercesc/util/AutoSense.hpp" alt="" coords="1337,548,1532,575">
<area shape="rect" href="$XMLString_8hpp.html" title="xercesc/util/XMLString.hpp" alt="" coords="323,239,515,265">
<area shape="rect" href="$XMLUniDefs_8hpp.html" title="xercesc/util/XMLUniDefs.hpp" alt="" coords="1243,239,1448,265">
<area shape="rect" href="$MemoryManager_8hpp.html" title="xercesc/framework/MemoryManager.hpp" alt="" coords="196,393,484,420">
<area shape="rect" href="$DOMError_8hpp.html" title="xercesc/dom/DOMError.hpp" alt="" coords="1593,393,1796,420">
