<area shape="rect" href="$XSObject_8hpp.html" title="XSObject.hpp" alt="" coords="1349,84,1456,111">
<area shape="rect" href="$XSAnnotation_8hpp.html" title="XSAnnotation.hpp" alt="" coords="5,161,141,188">
<area shape="rect" href="$XSAttributeDeclaration_8hpp.html" title="XSAttributeDeclaration.hpp" alt="" coords="165,161,363,188">
<area shape="rect" href="$XSAttributeGroupDefinition_8hpp.html" title="XSAttributeGroupDefinition.hpp" alt="" coords="387,161,611,188">
<area shape="rect" href="$XSAttributeUse_8hpp.html" title="XSAttributeUse.hpp" alt="" coords="635,161,784,188">
<area shape="rect" href="$XSElementDeclaration_8hpp.html" title="XSElementDeclaration.hpp" alt="" coords="808,161,1003,188">
<area shape="rect" href="$XSIDCDefinition_8hpp.html" title="XSIDCDefinition.hpp" alt="" coords="1027,161,1179,188">
<area shape="rect" href="$XSModel_8hpp.html" title="XSModel.hpp" alt="" coords="1203,161,1307,188">
<area shape="rect" href="$XSModelGroup_8hpp.html" title="XSModelGroup.hpp" alt="" coords="1331,161,1475,188">
<area shape="rect" href="$XSModelGroupDefinition_8hpp.html" title="XSModelGroupDefinition.hpp" alt="" coords="1499,161,1704,188">
<area shape="rect" href="$XSMultiValueFacet_8hpp.html" title="XSMultiValueFacet.hpp" alt="" coords="1904,316,2072,343">
<area shape="rect" href="$XSNamespaceItem_8hpp.html" title="XSNamespaceItem.hpp" alt="" coords="1779,161,1952,188">
<area shape="rect" href="$XSNotationDeclaration_8hpp.html" title="XSNotationDeclaration.hpp" alt="" coords="1976,161,2171,188">
<area shape="rect" href="$XSParticle_8hpp.html" title="XSParticle.hpp" alt="" coords="2195,161,2309,188">
<area shape="rect" href="$XSTypeDefinition_8hpp.html" title="XSTypeDefinition.hpp" alt="" coords="2333,161,2491,188">
<area shape="rect" href="$XSWildcard_8hpp.html" title="XSWildcard.hpp" alt="" coords="2515,161,2635,188">
<area shape="rect" href="$XMLGrammarPool_8hpp.html" title="XMLGrammarPool.hpp" alt="" coords="1171,239,1339,265">
<area shape="rect" href="$XSComplexTypeDefinition_8hpp.html" title="XSComplexTypeDefinition.hpp" alt="" coords="2072,239,2288,265">
<area shape="rect" href="$XSSimpleTypeDefinition_8hpp.html" title="XSSimpleTypeDefinition.hpp" alt="" coords="2312,239,2512,265">
<area shape="rect" href="$PSVIAttribute_8hpp.html" title="PSVIAttribute.hpp" alt="" coords="2271,316,2409,343">
<area shape="rect" href="$XSFacet_8hpp.html" title="XSFacet.hpp" alt="" coords="2433,316,2535,343">
<area shape="rect" href="$PSVIAttributeList_8hpp.html" title="PSVIAttributeList.hpp" alt="" coords="2260,393,2420,420">
<area shape="rect" href="$PSVIHandler_8hpp.html" title="PSVIHandler.hpp" alt="" coords="2275,471,2405,497">
<area shape="rect" href="$AbstractDOMParser_8hpp.html" title="AbstractDOMParser.hpp" alt="" coords="2251,548,2429,575">
<area shape="rect" href="$XercesDOMParser_8hpp.html" title="XercesDOMParser.hpp" alt="" coords="2256,625,2424,652">
