<area shape="rect" href="$XSTypeDefinition_8hpp.html" title="xercesc/framework/psvi/XSTypeDefinition.hpp" alt="" coords="317,84,632,111">
<area shape="rect" href="$XSObject_8hpp.html" title="xercesc/framework/psvi/XSObject.hpp" alt="" coords="343,161,607,188">
<area shape="rect" href="$PlatformUtils_8hpp.html" title="xercesc/util/PlatformUtils.hpp" alt="" coords="232,239,443,265">
<area shape="rect" href="$XSConstants_8hpp.html" title="xercesc/framework/psvi/XSConstants.hpp" alt="" coords="467,239,757,265">
<area shape="rect" href="$XMLException_8hpp.html" title="xercesc/util/XMLException.hpp" alt="" coords="240,316,456,343">
<area shape="rect" href="$PanicHandler_8hpp.html" title="xercesc/util/PanicHandler.hpp" alt="" coords="5,316,216,343">
<area shape="rect" href="$XMemory_8hpp.html" title="xercesc/util/XMemory.hpp" alt="" coords="17,393,204,420">
<area shape="rect" href="$XMLUni_8hpp.html" title="xercesc/util/XMLUni.hpp" alt="" coords="484,393,657,420">
<area shape="rect" href="$XMLErrorReporter_8hpp.html" title="xercesc/framework/XMLErrorReporter.hpp" alt="" coords="681,393,977,420">
<area shape="rect" href="$XercesDefs_8hpp.html" title="xercesc/util/XercesDefs.hpp" alt="" coords="472,471,669,497">
<area shape="rect" href="$XercesVersion_8hpp.html" title="xercesc/util/XercesVersion.hpp" alt="" coords="348,548,564,575">
<area shape="rect" href="$AutoSense_8hpp.html" title="xercesc/util/AutoSense.hpp" alt="" coords="588,548,783,575">
