<area shape="rect" href="$XSObject_8hpp.html" title="xercesc/framework/psvi/XSObject.hpp" alt="" coords="956,84,1220,111">
<area shape="rect" href="$XSNamedMap_8hpp.html" title="xercesc/framework/psvi/XSNamedMap.hpp" alt="" coords="1340,161,1639,188">
<area shape="rect" href="$PlatformUtils_8hpp.html" title="xercesc/util/PlatformUtils.hpp" alt="" coords="624,161,835,188">
<area shape="rect" href="$XSConstants_8hpp.html" title="xercesc/framework/psvi/XSConstants.hpp" alt="" coords="943,161,1233,188">
<area shape="rect" href="$XMLException_8hpp.html" title="xercesc/util/XMLException.hpp" alt="" coords="384,239,600,265">
<area shape="rect" href="$PanicHandler_8hpp.html" title="xercesc/util/PanicHandler.hpp" alt="" coords="624,239,835,265">
<area shape="rect" href="$XMemory_8hpp.html" title="xercesc/util/XMemory.hpp" alt="" coords="779,316,965,343">
<area shape="rect" href="$XMLUni_8hpp.html" title="xercesc/util/XMLUni.hpp" alt="" coords="5,316,179,343">
<area shape="rect" href="$XMLErrorReporter_8hpp.html" title="xercesc/framework/XMLErrorReporter.hpp" alt="" coords="203,316,499,343">
<area shape="rect" href="$XercesDefs_8hpp.html" title="xercesc/util/XercesDefs.hpp" alt="" coords="252,393,449,420">
<area shape="rect" href="$XercesVersion_8hpp.html" title="xercesc/util/XercesVersion.hpp" alt="" coords="128,471,344,497">
<area shape="rect" href="$AutoSense_8hpp.html" title="xercesc/util/AutoSense.hpp" alt="" coords="368,471,563,497">
