<area shape="rect" href="$PlatformUtils_8hpp.html" title="xercesc/util/PlatformUtils.hpp" alt="" coords="609,161,820,188">
<area shape="rect" href="$XSObject_8hpp.html" title="xercesc/framework/psvi/XSObject.hpp" alt="" coords="831,84,1095,111">
<area shape="rect" href="$XSNamedMap_8hpp.html" title="xercesc/framework/psvi/XSNamedMap.hpp" alt="" coords="1325,161,1624,188">
<area shape="rect" href="$XMLException_8hpp.html" title="xercesc/util/XMLException.hpp" alt="" coords="369,239,585,265">
<area shape="rect" href="$PanicHandler_8hpp.html" title="xercesc/util/PanicHandler.hpp" alt="" coords="609,239,820,265">
<area shape="rect" href="$XMemory_8hpp.html" title="xercesc/util/XMemory.hpp" alt="" coords="779,316,965,343">
<area shape="rect" href="$XMLUni_8hpp.html" title="xercesc/util/XMLUni.hpp" alt="" coords="261,316,435,343">
<area shape="rect" href="$XMLErrorReporter_8hpp.html" title="xercesc/framework/XMLErrorReporter.hpp" alt="" coords="459,316,755,343">
<area shape="rect" href="$XercesDefs_8hpp.html" title="xercesc/util/XercesDefs.hpp" alt="" coords="508,393,705,420">
<area shape="rect" href="$XercesVersion_8hpp.html" title="xercesc/util/XercesVersion.hpp" alt="" coords="384,471,600,497">
<area shape="rect" href="$AutoSense_8hpp.html" title="xercesc/util/AutoSense.hpp" alt="" coords="624,471,819,497">
<area shape="rect" href="$XSConstants_8hpp.html" title="xercesc/framework/psvi/XSConstants.hpp" alt="" coords="844,161,1135,188">
