<area shape="rect" href="$XSAnnotation_8hpp.html" title="XSAnnotation.hpp" alt="" coords="5,84,141,111">
<area shape="rect" href="$XSAttributeDeclaration_8hpp.html" title="XSAttributeDeclaration.hpp" alt="" coords="165,84,363,111">
<area shape="rect" href="$XSAttributeGroupDefinition_8hpp.html" title="XSAttributeGroupDefinition.hpp" alt="" coords="387,84,611,111">
<area shape="rect" href="$XSAttributeUse_8hpp.html" title="XSAttributeUse.hpp" alt="" coords="635,84,784,111">
<area shape="rect" href="$XSElementDeclaration_8hpp.html" title="XSElementDeclaration.hpp" alt="" coords="808,84,1003,111">
<area shape="rect" href="$XSIDCDefinition_8hpp.html" title="XSIDCDefinition.hpp" alt="" coords="1027,84,1179,111">
<area shape="rect" href="$XSModel_8hpp.html" title="XSModel.hpp" alt="" coords="1203,84,1307,111">
<area shape="rect" href="$XSModelGroup_8hpp.html" title="XSModelGroup.hpp" alt="" coords="1331,84,1475,111">
<area shape="rect" href="$XSModelGroupDefinition_8hpp.html" title="XSModelGroupDefinition.hpp" alt="" coords="1499,84,1704,111">
<area shape="rect" href="$XSMultiValueFacet_8hpp.html" title="XSMultiValueFacet.hpp" alt="" coords="1904,239,2072,265">
<area shape="rect" href="$XSNamespaceItem_8hpp.html" title="XSNamespaceItem.hpp" alt="" coords="1779,84,1952,111">
<area shape="rect" href="$XSNotationDeclaration_8hpp.html" title="XSNotationDeclaration.hpp" alt="" coords="1976,84,2171,111">
<area shape="rect" href="$XSParticle_8hpp.html" title="XSParticle.hpp" alt="" coords="2195,84,2309,111">
<area shape="rect" href="$XSTypeDefinition_8hpp.html" title="XSTypeDefinition.hpp" alt="" coords="2333,84,2491,111">
<area shape="rect" href="$XSWildcard_8hpp.html" title="XSWildcard.hpp" alt="" coords="2515,84,2635,111">
<area shape="rect" href="$XMLGrammarPool_8hpp.html" title="XMLGrammarPool.hpp" alt="" coords="1171,161,1339,188">
<area shape="rect" href="$XSComplexTypeDefinition_8hpp.html" title="XSComplexTypeDefinition.hpp" alt="" coords="2072,161,2288,188">
<area shape="rect" href="$XSSimpleTypeDefinition_8hpp.html" title="XSSimpleTypeDefinition.hpp" alt="" coords="2312,161,2512,188">
<area shape="rect" href="$PSVIAttribute_8hpp.html" title="PSVIAttribute.hpp" alt="" coords="2271,239,2409,265">
<area shape="rect" href="$XSFacet_8hpp.html" title="XSFacet.hpp" alt="" coords="2433,239,2535,265">
<area shape="rect" href="$PSVIAttributeList_8hpp.html" title="PSVIAttributeList.hpp" alt="" coords="2260,316,2420,343">
<area shape="rect" href="$PSVIHandler_8hpp.html" title="PSVIHandler.hpp" alt="" coords="2275,393,2405,420">
<area shape="rect" href="$AbstractDOMParser_8hpp.html" title="AbstractDOMParser.hpp" alt="" coords="2251,471,2429,497">
<area shape="rect" href="$XercesDOMParser_8hpp.html" title="XercesDOMParser.hpp" alt="" coords="2256,548,2424,575">
