<area shape="rect" href="$XSComplexTypeDefinition_8hpp.html" title="XSComplexTypeDefinition.hpp" alt="" coords="5,84,221,111">
<area shape="rect" href="$XSSimpleTypeDefinition_8hpp.html" title="XSSimpleTypeDefinition.hpp" alt="" coords="245,84,445,111">
<area shape="rect" href="$PSVIAttribute_8hpp.html" title="PSVIAttribute.hpp" alt="" coords="132,161,271,188">
<area shape="rect" href="$XSFacet_8hpp.html" title="XSFacet.hpp" alt="" coords="295,161,396,188">
<area shape="rect" href="$XSMultiValueFacet_8hpp.html" title="XSMultiValueFacet.hpp" alt="" coords="420,161,588,188">
<area shape="rect" href="$PSVIAttributeList_8hpp.html" title="PSVIAttributeList.hpp" alt="" coords="121,239,281,265">
<area shape="rect" href="$PSVIHandler_8hpp.html" title="PSVIHandler.hpp" alt="" coords="136,316,267,343">
<area shape="rect" href="$AbstractDOMParser_8hpp.html" title="AbstractDOMParser.hpp" alt="" coords="112,393,291,420">
<area shape="rect" href="$XercesDOMParser_8hpp.html" title="XercesDOMParser.hpp" alt="" coords="117,471,285,497">
